Archive member included to satisfy reference by file (symbol)

c:/program files (x86)/atollic/truestudio for stm32 9.1.0/armtools/bin/../lib/gcc/arm-atollic-eabi/6.3.1/../../../../arm-atollic-eabi/lib/armv6-m\libc_nano.a(lib_a-init.o)
                              src\startup_stm32f0xx.o (__libc_init_array)
c:/program files (x86)/atollic/truestudio for stm32 9.1.0/armtools/bin/../lib/gcc/arm-atollic-eabi/6.3.1/armv6-m\libgcc.a(_udivsi3.o)
                              Libraries\STM32F0xx_StdPeriph_Driver\src\stm32f0xx_rcc.o (__aeabi_uidiv)
c:/program files (x86)/atollic/truestudio for stm32 9.1.0/armtools/bin/../lib/gcc/arm-atollic-eabi/6.3.1/armv6-m\libgcc.a(_dvmd_tls.o)
                              c:/program files (x86)/atollic/truestudio for stm32 9.1.0/armtools/bin/../lib/gcc/arm-atollic-eabi/6.3.1/armv6-m\libgcc.a(_udivsi3.o) (__aeabi_idiv0)
c:/program files (x86)/atollic/truestudio for stm32 9.1.0/armtools/bin/../lib/gcc/arm-atollic-eabi/6.3.1/armv6-m\libgcc.a(_fixunsdfsi.o)
                              src\delay.o (__aeabi_d2uiz)
c:/program files (x86)/atollic/truestudio for stm32 9.1.0/armtools/bin/../lib/gcc/arm-atollic-eabi/6.3.1/armv6-m\libgcc.a(divdf3.o)
                              src\delay.o (__aeabi_ddiv)
c:/program files (x86)/atollic/truestudio for stm32 9.1.0/armtools/bin/../lib/gcc/arm-atollic-eabi/6.3.1/armv6-m\libgcc.a(subdf3.o)
                              c:/program files (x86)/atollic/truestudio for stm32 9.1.0/armtools/bin/../lib/gcc/arm-atollic-eabi/6.3.1/armv6-m\libgcc.a(_fixunsdfsi.o) (__aeabi_dsub)
c:/program files (x86)/atollic/truestudio for stm32 9.1.0/armtools/bin/../lib/gcc/arm-atollic-eabi/6.3.1/armv6-m\libgcc.a(fixdfsi.o)
                              c:/program files (x86)/atollic/truestudio for stm32 9.1.0/armtools/bin/../lib/gcc/arm-atollic-eabi/6.3.1/armv6-m\libgcc.a(_fixunsdfsi.o) (__aeabi_d2iz)
c:/program files (x86)/atollic/truestudio for stm32 9.1.0/armtools/bin/../lib/gcc/arm-atollic-eabi/6.3.1/armv6-m\libgcc.a(floatunsidf.o)
                              src\delay.o (__aeabi_ui2d)
c:/program files (x86)/atollic/truestudio for stm32 9.1.0/armtools/bin/../lib/gcc/arm-atollic-eabi/6.3.1/armv6-m\libgcc.a(_arm_cmpdf2.o)
                              c:/program files (x86)/atollic/truestudio for stm32 9.1.0/armtools/bin/../lib/gcc/arm-atollic-eabi/6.3.1/armv6-m\libgcc.a(_fixunsdfsi.o) (__aeabi_dcmpge)
c:/program files (x86)/atollic/truestudio for stm32 9.1.0/armtools/bin/../lib/gcc/arm-atollic-eabi/6.3.1/armv6-m\libgcc.a(_clzsi2.o)
                              c:/program files (x86)/atollic/truestudio for stm32 9.1.0/armtools/bin/../lib/gcc/arm-atollic-eabi/6.3.1/armv6-m\libgcc.a(divdf3.o) (__clzsi2)
c:/program files (x86)/atollic/truestudio for stm32 9.1.0/armtools/bin/../lib/gcc/arm-atollic-eabi/6.3.1/armv6-m\libgcc.a(eqdf2.o)
                              c:/program files (x86)/atollic/truestudio for stm32 9.1.0/armtools/bin/../lib/gcc/arm-atollic-eabi/6.3.1/armv6-m\libgcc.a(_arm_cmpdf2.o) (__eqdf2)
c:/program files (x86)/atollic/truestudio for stm32 9.1.0/armtools/bin/../lib/gcc/arm-atollic-eabi/6.3.1/armv6-m\libgcc.a(gedf2.o)
                              c:/program files (x86)/atollic/truestudio for stm32 9.1.0/armtools/bin/../lib/gcc/arm-atollic-eabi/6.3.1/armv6-m\libgcc.a(_arm_cmpdf2.o) (__gedf2)
c:/program files (x86)/atollic/truestudio for stm32 9.1.0/armtools/bin/../lib/gcc/arm-atollic-eabi/6.3.1/armv6-m\libgcc.a(ledf2.o)
                              c:/program files (x86)/atollic/truestudio for stm32 9.1.0/armtools/bin/../lib/gcc/arm-atollic-eabi/6.3.1/armv6-m\libgcc.a(_arm_cmpdf2.o) (__ledf2)

Discarded input sections

 .text          0x00000000        0x0 c:/program files (x86)/atollic/truestudio for stm32 9.1.0/armtools/bin/../lib/gcc/arm-atollic-eabi/6.3.1/armv6-m/crti.o
 .data          0x00000000        0x0 c:/program files (x86)/atollic/truestudio for stm32 9.1.0/armtools/bin/../lib/gcc/arm-atollic-eabi/6.3.1/armv6-m/crti.o
 .bss           0x00000000        0x0 c:/program files (x86)/atollic/truestudio for stm32 9.1.0/armtools/bin/../lib/gcc/arm-atollic-eabi/6.3.1/armv6-m/crti.o
 .data          0x00000000        0x4 c:/program files (x86)/atollic/truestudio for stm32 9.1.0/armtools/bin/../lib/gcc/arm-atollic-eabi/6.3.1/armv6-m/crtbegin.o
 .text          0x00000000        0x0 Libraries\STM32F0xx_StdPeriph_Driver\src\stm32f0xx_adc.o
 .data          0x00000000        0x0 Libraries\STM32F0xx_StdPeriph_Driver\src\stm32f0xx_adc.o
 .bss           0x00000000        0x0 Libraries\STM32F0xx_StdPeriph_Driver\src\stm32f0xx_adc.o
 .text.ADC_DeInit
                0x00000000       0x24 Libraries\STM32F0xx_StdPeriph_Driver\src\stm32f0xx_adc.o
 .text.ADC_Init
                0x00000000       0x2c Libraries\STM32F0xx_StdPeriph_Driver\src\stm32f0xx_adc.o
 .text.ADC_StructInit
                0x00000000       0x10 Libraries\STM32F0xx_StdPeriph_Driver\src\stm32f0xx_adc.o
[...]
Memory Configuration

Name             Origin             Length             Attributes
FLASH            0x08000000         0x00004000         xr
RAM              0x20000000         0x00001000         xrw
MEMORY_B1        0x60000000         0x00000000         xr
*default*        0x00000000         0xffffffff

Linker script and memory map

LOAD c:/program files (x86)/atollic/truestudio for stm32 9.1.0/armtools/bin/../lib/gcc/arm-atollic-eabi/6.3.1/armv6-m/crti.o
LOAD c:/program files (x86)/atollic/truestudio for stm32 9.1.0/armtools/bin/../lib/gcc/arm-atollic-eabi/6.3.1/armv6-m/crtbegin.o
LOAD Libraries\STM32F0xx_StdPeriph_Driver\src\stm32f0xx_adc.o
LOAD Libraries\STM32F0xx_StdPeriph_Driver\src\stm32f0xx_cec.o
LOAD Libraries\STM32F0xx_StdPeriph_Driver\src\stm32f0xx_comp.o
LOAD Libraries\STM32F0xx_StdPeriph_Driver\src\stm32f0xx_crc.o
LOAD Libraries\STM32F0xx_StdPeriph_Driver\src\stm32f0xx_dac.o
LOAD Libraries\STM32F0xx_StdPeriph_Driver\src\stm32f0xx_dbgmcu.o
LOAD Libraries\STM32F0xx_StdPeriph_Driver\src\stm32f0xx_dma.o
LOAD Libraries\STM32F0xx_StdPeriph_Driver\src\stm32f0xx_exti.o
LOAD Libraries\STM32F0xx_StdPeriph_Driver\src\stm32f0xx_flash.o
LOAD Libraries\STM32F0xx_StdPeriph_Driver\src\stm32f0xx_gpio.o
LOAD Libraries\STM32F0xx_StdPeriph_Driver\src\stm32f0xx_i2c.o
LOAD Libraries\STM32F0xx_StdPeriph_Driver\src\stm32f0xx_iwdg.o
LOAD Libraries\STM32F0xx_StdPeriph_Driver\src\stm32f0xx_misc.o
LOAD Libraries\STM32F0xx_StdPeriph_Driver\src\stm32f0xx_pwr.o
LOAD Libraries\STM32F0xx_StdPeriph_Driver\src\stm32f0xx_rcc.o
LOAD Libraries\STM32F0xx_StdPeriph_Driver\src\stm32f0xx_rtc.o
LOAD Libraries\STM32F0xx_StdPeriph_Driver\src\stm32f0xx_spi.o
LOAD Libraries\STM32F0xx_StdPeriph_Driver\src\stm32f0xx_syscfg.o
LOAD Libraries\STM32F0xx_StdPeriph_Driver\src\stm32f0xx_tim.o
LOAD Libraries\STM32F0xx_StdPeriph_Driver\src\stm32f0xx_usart.o
LOAD Libraries\STM32F0xx_StdPeriph_Driver\src\stm32f0xx_wwdg.o
LOAD src\delay.o
LOAD src\main.o
LOAD src\startup_stm32f0xx.o
LOAD src\system_stm32f0xx.o
                0x00000080                malloc_getpagesize_P = 0x80
START GROUP
LOAD c:/program files (x86)/atollic/truestudio for stm32 9.1.0/armtools/bin/../lib/gcc/arm-atollic-eabi/6.3.1/../../../../arm-atollic-eabi/lib/armv6-m\libc_nano.a
LOAD c:/program files (x86)/atollic/truestudio for stm32 9.1.0/armtools/bin/../lib/gcc/arm-atollic-eabi/6.3.1/../../../../arm-atollic-eabi/lib/armv6-m\libm.a
END GROUP
START GROUP
LOAD c:/program files (x86)/atollic/truestudio for stm32 9.1.0/armtools/bin/../lib/gcc/arm-atollic-eabi/6.3.1/armv6-m\libgcc.a
LOAD c:/program files (x86)/atollic/truestudio for stm32 9.1.0/armtools/bin/../lib/gcc/arm-atollic-eabi/6.3.1/../../../../arm-atollic-eabi/lib/armv6-m\libc_nano.a
END GROUP
START GROUP
LOAD c:/program files (x86)/atollic/truestudio for stm32 9.1.0/armtools/bin/../lib/gcc/arm-atollic-eabi/6.3.1/armv6-m\libgcc.a
LOAD c:/program files (x86)/atollic/truestudio for stm32 9.1.0/armtools/bin/../lib/gcc/arm-atollic-eabi/6.3.1/../../../../arm-atollic-eabi/lib/armv6-m\libc_nano.a
LOAD c:/program files (x86)/atollic/truestudio for stm32 9.1.0/armtools/bin/../lib/gcc/arm-atollic-eabi/6.3.1/../../../../arm-atollic-eabi/lib/armv6-m\libnosys.a
END GROUP
START GROUP
LOAD c:/program files (x86)/atollic/truestudio for stm32 9.1.0/armtools/bin/../lib/gcc/arm-atollic-eabi/6.3.1/armv6-m\libgcc.a
LOAD c:/program files (x86)/atollic/truestudio for stm32 9.1.0/armtools/bin/../lib/gcc/arm-atollic-eabi/6.3.1/../../../../arm-atollic-eabi/lib/armv6-m\libc_nano.a
LOAD c:/program files (x86)/atollic/truestudio for stm32 9.1.0/armtools/bin/../lib/gcc/arm-atollic-eabi/6.3.1/../../../../arm-atollic-eabi/lib/armv6-m\libnosys.a
END GROUP
LOAD c:/program files (x86)/atollic/truestudio for stm32 9.1.0/armtools/bin/../lib/gcc/arm-atollic-eabi/6.3.1/armv6-m/crtend.o
LOAD c:/program files (x86)/atollic/truestudio for stm32 9.1.0/armtools/bin/../lib/gcc/arm-atollic-eabi/6.3.1/armv6-m/crtn.o
                0x20001000                _estack = 0x20001000
                0x00000000                _Min_Heap_Size = 0x0
                0x00000080                _Min_Stack_Size = 0x80

.isr_vector     0x08000000       0xc4
                0x08000000                . = ALIGN (0x4)
 *(.isr_vector)
 .isr_vector    0x08000000       0xc4 src\startup_stm32f0xx.o
                0x08000000                g_pfnVectors
                0x080000c4                . = ALIGN (0x4)

.text           0x080000c4     0x152c
                0x080000c4                . = ALIGN (0x4)
 *(.text)
 .text          0x080000c4       0x48 c:/program files (x86)/atollic/truestudio for stm32 9.1.0/armtools/bin/../lib/gcc/arm-atollic-eabi/6.3.1/armv6-m/crtbegin.o
 .text          0x0800010c      0x114 c:/program files (x86)/atollic/truestudio for stm32 9.1.0/armtools/bin/../lib/gcc/arm-atollic-eabi/6.3.1/armv6-m\libgcc.a(_udivsi3.o)
                0x0800010c                __aeabi_uidiv
                0x0800010c                __udivsi3
                0x08000218                __aeabi_uidivmod
 .text          0x08000220        0x4 c:/program files (x86)/atollic/truestudio for stm32 9.1.0/armtools/bin/../lib/gcc/arm-atollic-eabi/6.3.1/armv6-m\libgcc.a(_dvmd_tls.o)
                0x08000220                __aeabi_idiv0
                0x08000220                __aeabi_ldiv0
 .text          0x08000224       0x3c c:/program files (x86)/atollic/truestudio for stm32 9.1.0/armtools/bin/../lib/gcc/arm-atollic-eabi/6.3.1/armv6-m\libgcc.a(_fixunsdfsi.o)
                0x08000224                __aeabi_d2uiz
                0x08000224                __fixunsdfsi
 .text          0x08000260      0x668 c:/program files (x86)/atollic/truestudio for stm32 9.1.0/armtools/bin/../lib/gcc/arm-atollic-eabi/6.3.1/armv6-m\libgcc.a(divdf3.o)
                0x08000260                __aeabi_ddiv
 .text          0x080008c8      0x62c c:/program files (x86)/atollic/truestudio for stm32 9.1.0/armtools/bin/../lib/gcc/arm-atollic-eabi/6.3.1/armv6-m\libgcc.a(subdf3.o)
                0x080008c8                __aeabi_dsub
 .text          0x08000ef4       0x68 c:/program files (x86)/atollic/truestudio for stm32 9.1.0/armtools/bin/../lib/gcc/arm-atollic-eabi/6.3.1/armv6-m\libgcc.a(fixdfsi.o)
                0x08000ef4                __aeabi_d2iz
 .text          0x08000f5c       0x70 c:/program files (x86)/atollic/truestudio for stm32 9.1.0/armtools/bin/../lib/gcc/arm-atollic-eabi/6.3.1/armv6-m\libgcc.a(floatunsidf.o)
                0x08000f5c                __aeabi_ui2d
 .text          0x08000fcc       0x7c c:/program files (x86)/atollic/truestudio for stm32 9.1.0/armtools/bin/../lib/gcc/arm-atollic-eabi/6.3.1/armv6-m\libgcc.a(_arm_cmpdf2.o)
                0x08000fcc                __aeabi_cdrcmple
                0x08000fdc                __aeabi_cdcmple
                0x08000fdc                __aeabi_cdcmpeq
                0x08000fec                __aeabi_dcmpeq
                0x08000ff8                __aeabi_dcmplt
                0x0800100c                __aeabi_dcmple
                0x08001020                __aeabi_dcmpgt
                0x08001034                __aeabi_dcmpge
 .text          0x08001048       0x3c c:/program files (x86)/atollic/truestudio for stm32 9.1.0/armtools/bin/../lib/gcc/arm-atollic-eabi/6.3.1/armv6-m\libgcc.a(_clzsi2.o)
                0x08001048                __clzsi2
 .text          0x08001084       0x74 c:/program files (x86)/atollic/truestudio for stm32 9.1.0/armtools/bin/../lib/gcc/arm-atollic-eabi/6.3.1/armv6-m\libgcc.a(eqdf2.o)
                0x08001084                __nedf2
                0x08001084                __eqdf2
 .text          0x080010f8       0xc8 c:/program files (x86)/atollic/truestudio for stm32 9.1.0/armtools/bin/../lib/gcc/arm-atollic-eabi/6.3.1/armv6-m\libgcc.a(gedf2.o)
                0x080010f8                __gedf2
                0x080010f8                __gtdf2
 .text          0x080011c0       0xc4 c:/program files (x86)/atollic/truestudio for stm32 9.1.0/armtools/bin/../lib/gcc/arm-atollic-eabi/6.3.1/armv6-m\libgcc.a(ledf2.o)
                0x080011c0                __ledf2
                0x080011c0                __ltdf2
 *(.text*)
 .text.GPIO_Init
                0x08001284       0x78 Libraries\STM32F0xx_StdPeriph_Driver\src\stm32f0xx_gpio.o
                0x08001284                GPIO_Init
 .text.GPIO_WriteBit
                0x080012fc        0xc Libraries\STM32F0xx_StdPeriph_Driver\src\stm32f0xx_gpio.o
                0x080012fc                GPIO_WriteBit
 .text.RCC_AHBPeriphClockCmd
                0x08001308       0x18 Libraries\STM32F0xx_StdPeriph_Driver\src\stm32f0xx_rcc.o
                0x08001308                RCC_AHBPeriphClockCmd
 .text.SysTick_Handler
                0x08001320       0x30 src\delay.o
                0x08001320                SysTick_Handler
 .text.delay_ms
                0x08001350       0x20 src\delay.o
                0x08001350                delay_ms
 .text.delay_init
                0x08001370       0x58 src\delay.o
                0x08001370                delay_init
 .text.startup.main
                0x080013c8       0x5a src\main.o
                0x080013c8                main
 *fill*         0x08001422        0x2 
 .text.Reset_Handler
                0x08001424       0x50 src\startup_stm32f0xx.o
                0x08001424                Reset_Handler
 .text.Default_Handler
                0x08001474        0x2 src\startup_stm32f0xx.o
                0x08001474                TIM1_CC_IRQHandler
                0x08001474                HardFault_Handler
                0x08001474                ADC1_COMP_IRQHandler
                0x08001474                PVD_IRQHandler
                0x08001474                PendSV_Handler
                0x08001474                NMI_Handler
                0x08001474                I2C1_IRQHandler
                0x08001474                SPI1_IRQHandler
                0x08001474                TIM6_DAC_IRQHandler
                0x08001474                EXTI2_3_IRQHandler
                0x08001474                I2C2_IRQHandler
                0x08001474                TIM17_IRQHandler
                0x08001474                RTC_IRQHandler
                0x08001474                TIM16_IRQHandler
                0x08001474                TIM3_IRQHandler
                0x08001474                EXTI4_15_IRQHandler
                0x08001474                RCC_IRQHandler
                0x08001474                DMA1_Channel1_IRQHandler
                0x08001474                Default_Handler
                0x08001474                CEC_IRQHandler
                0x08001474                TIM14_IRQHandler
                0x08001474                DMA1_Channel4_5_IRQHandler
                0x08001474                TIM15_IRQHandler
                0x08001474                EXTI0_1_IRQHandler
                0x08001474                SPI2_IRQHandler
                0x08001474                SVC_Handler
                0x08001474                TS_IRQHandler
                0x08001474                WWDG_IRQHandler
                0x08001474                TIM2_IRQHandler
                0x08001474                DMA1_Channel2_3_IRQHandler
                0x08001474                USART2_IRQHandler
                0x08001474                FLASH_IRQHandler
                0x08001474                USART1_IRQHandler
                0x08001474                TIM1_BRK_UP_TRG_COM_IRQHandler
 *fill*         0x08001476        0x2 
 .text.SystemInit
                0x08001478       0xb4 src\system_stm32f0xx.o
                0x08001478                SystemInit
 .text.SystemCoreClockUpdate
                0x0800152c       0x64 src\system_stm32f0xx.o
                0x0800152c                SystemCoreClockUpdate
 .text.__libc_init_array
                0x08001590       0x48 c:/program files (x86)/atollic/truestudio for stm32 9.1.0/armtools/bin/../lib/gcc/arm-atollic-eabi/6.3.1/../../../../arm-atollic-eabi/lib/armv6-m\libc_nano.a(lib_a-init.o)
                0x08001590                __libc_init_array
 *(.glue_7)
 .glue_7        0x080015d8        0x0 linker stubs
 *(.glue_7t)
 .glue_7t       0x080015d8        0x0 linker stubs
 *(.eh_frame)
 .eh_frame      0x080015d8        0x0 c:/program files (x86)/atollic/truestudio for stm32 9.1.0/armtools/bin/../lib/gcc/arm-atollic-eabi/6.3.1/armv6-m/crtbegin.o
 *(.init)
 .init          0x080015d8        0x4 c:/program files (x86)/atollic/truestudio for stm32 9.1.0/armtools/bin/../lib/gcc/arm-atollic-eabi/6.3.1/armv6-m/crti.o
                0x080015d8                _init
 .init          0x080015dc        0x8 c:/program files (x86)/atollic/truestudio for stm32 9.1.0/armtools/bin/../lib/gcc/arm-atollic-eabi/6.3.1/armv6-m/crtn.o
 *(.fini)
 .fini          0x080015e4        0x4 c:/program files (x86)/atollic/truestudio for stm32 9.1.0/armtools/bin/../lib/gcc/arm-atollic-eabi/6.3.1/armv6-m/crti.o
                0x080015e4                _fini
 .fini          0x080015e8        0x8 c:/program files (x86)/atollic/truestudio for stm32 9.1.0/armtools/bin/../lib/gcc/arm-atollic-eabi/6.3.1/armv6-m/crtn.o
                0x080015f0                . = ALIGN (0x4)
                0x080015f0                _etext = .

.vfp11_veneer   0x080015f0        0x0
 .vfp11_veneer  0x080015f0        0x0 linker stubs

.v4_bx          0x080015f0        0x0
 .v4_bx         0x080015f0        0x0 linker stubs

.iplt           0x080015f0        0x0
 .iplt          0x080015f0        0x0 c:/program files (x86)/atollic/truestudio for stm32 9.1.0/armtools/bin/../lib/gcc/arm-atollic-eabi/6.3.1/armv6-m/crtbegin.o

.rodata         0x080015f0       0x40
                0x080015f0                . = ALIGN (0x4)
 *(.rodata)
 .rodata        0x080015f0       0x40 c:/program files (x86)/atollic/truestudio for stm32 9.1.0/armtools/bin/../lib/gcc/arm-atollic-eabi/6.3.1/armv6-m\libgcc.a(divdf3.o)
 *(.rodata*)
                0x08001630                . = ALIGN (0x4)

.rel.dyn        0x08001630        0x0
 .rel.iplt      0x08001630        0x0 c:/program files (x86)/atollic/truestudio for stm32 9.1.0/armtools/bin/../lib/gcc/arm-atollic-eabi/6.3.1/armv6-m/crtbegin.o

.ARM.extab
 *(.ARM.extab* .gnu.linkonce.armextab.*)

.ARM            0x08001630        0x0
                0x08001630                __exidx_start = .
 *(.ARM.exidx*)
                0x08001630                __exidx_end = .

.preinit_array  0x08001630        0x0
                0x08001630                PROVIDE (__preinit_array_start, .)
 *(.preinit_array*)
                0x08001630                PROVIDE (__preinit_array_end, .)

.init_array     0x08001630        0x4
                0x08001630                PROVIDE (__init_array_start, .)
 *(SORT(.init_array.*))
 *(.init_array*)
 .init_array    0x08001630        0x4 c:/program files (x86)/atollic/truestudio for stm32 9.1.0/armtools/bin/../lib/gcc/arm-atollic-eabi/6.3.1/armv6-m/crtbegin.o
                0x08001634                PROVIDE (__init_array_end, .)

.fini_array     0x08001634        0x4
                [!provide]                PROVIDE (__fini_array_start, .)
 *(SORT(.fini_array.*))
 *(.fini_array*)
 .fini_array    0x08001634        0x4 c:/program files (x86)/atollic/truestudio for stm32 9.1.0/armtools/bin/../lib/gcc/arm-atollic-eabi/6.3.1/armv6-m/crtbegin.o
                [!provide]                PROVIDE (__fini_array_end, .)
                0x08001638                _sidata = LOADADDR (.data)

.data           0x20000000       0x14 load address 0x08001638
                0x20000000                . = ALIGN (0x4)
                0x20000000                _sdata = .
 *(.data)
 *(.data*)
 .data.AHBPrescTable
                0x20000000       0x10 src\system_stm32f0xx.o
                0x20000000                AHBPrescTable
 .data.SystemCoreClock
                0x20000010        0x4 src\system_stm32f0xx.o
                0x20000010                SystemCoreClock
                0x20000014                . = ALIGN (0x4)
                0x20000014                _edata = .

.igot.plt       0x20000014        0x0 load address 0x0800164c
 .igot.plt      0x20000014        0x0 c:/program files (x86)/atollic/truestudio for stm32 9.1.0/armtools/bin/../lib/gcc/arm-atollic-eabi/6.3.1/armv6-m/crtbegin.o
                0x20000014                . = ALIGN (0x4)

.bss            0x20000014       0x24 load address 0x0800164c
                0x20000014                _sbss = .
                0x20000014                __bss_start__ = _sbss
 *(.bss)
 .bss           0x20000014       0x1c c:/program files (x86)/atollic/truestudio for stm32 9.1.0/armtools/bin/../lib/gcc/arm-atollic-eabi/6.3.1/armv6-m/crtbegin.o
 *(.bss*)
 .bss.Milliseconds
                0x20000030        0x4 src\delay.o
                0x20000030                Milliseconds
 .bss.Seconds   0x20000034        0x4 src\delay.o
                0x20000034                Seconds
 *(COMMON)
                0x20000038                . = ALIGN (0x4)
                0x20000038                _ebss = .
                0x20000038                __bss_end__ = _ebss

._user_heap_stack
                0x20000038       0x80 load address 0x0800164c
                0x20000038                . = ALIGN (0x4)
                [!provide]                PROVIDE (end, .)
                [!provide]                PROVIDE (_end, .)
                0x20000038                . = (. + _Min_Heap_Size)
                0x200000b8                . = (. + _Min_Stack_Size)
 *fill*         0x20000038       0x80 
                0x200000b8                . = ALIGN (0x4)

.memory_b1_text
 *(.mb1text)
 *(.mb1text*)
 *(.mb1rodata)
 *(.mb1rodata*)

/DISCARD/
 libc.a(*)
 libm.a(*)
 libgcc.a(*)

.ARM.attributes
                0x00000000       0x28
 *(.ARM.attributes)
 .ARM.attributes
                0x00000000       0x1e c:/program files (x86)/atollic/truestudio for stm32 9.1.0/armtools/bin/../lib/gcc/arm-atollic-eabi/6.3.1/armv6-m/crti.o
 .ARM.attributes
                0x0000001e       0x2c c:/program files (x86)/atollic/truestudio for stm32 9.1.0/armtools/bin/../lib/gcc/arm-atollic-eabi/6.3.1/armv6-m/crtbegin.o
 .ARM.attributes
                0x0000004a       0x31 Libraries\STM32F0xx_StdPeriph_Driver\src\stm32f0xx_gpio.o
 .ARM.attributes
                0x0000007b       0x31 Libraries\STM32F0xx_StdPeriph_Driver\src\stm32f0xx_rcc.o
 .ARM.attributes
                0x000000ac       0x31 src\delay.o
 .ARM.attributes
                0x000000dd       0x31 src\main.o
 .ARM.attributes
                0x0000010e       0x21 src\startup_stm32f0xx.o
 .ARM.attributes
                0x0000012f       0x31 src\system_stm32f0xx.o
 .ARM.attributes
                0x00000160       0x2c c:/program files (x86)/atollic/truestudio for stm32 9.1.0/armtools/bin/../lib/gcc/arm-atollic-eabi/6.3.1/../../../../arm-atollic-eabi/lib/armv6-m\libc_nano.a(lib_a-init.o)
 .ARM.attributes
                0x0000018c       0x1e c:/program files (x86)/atollic/truestudio for stm32 9.1.0/armtools/bin/../lib/gcc/arm-atollic-eabi/6.3.1/armv6-m\libgcc.a(_udivsi3.o)
 .ARM.attributes
                0x000001aa       0x1e c:/program files (x86)/atollic/truestudio for stm32 9.1.0/armtools/bin/../lib/gcc/arm-atollic-eabi/6.3.1/armv6-m\libgcc.a(_dvmd_tls.o)
 .ARM.attributes
                0x000001c8       0x2c c:/program files (x86)/atollic/truestudio for stm32 9.1.0/armtools/bin/../lib/gcc/arm-atollic-eabi/6.3.1/armv6-m\libgcc.a(_fixunsdfsi.o)
 .ARM.attributes
                0x000001f4       0x2c c:/program files (x86)/atollic/truestudio for stm32 9.1.0/armtools/bin/../lib/gcc/arm-atollic-eabi/6.3.1/armv6-m\libgcc.a(divdf3.o)
 .ARM.attributes
                0x00000220       0x2c c:/program files (x86)/atollic/truestudio for stm32 9.1.0/armtools/bin/../lib/gcc/arm-atollic-eabi/6.3.1/armv6-m\libgcc.a(subdf3.o)
 .ARM.attributes
                0x0000024c       0x2c c:/program files (x86)/atollic/truestudio for stm32 9.1.0/armtools/bin/../lib/gcc/arm-atollic-eabi/6.3.1/armv6-m\libgcc.a(fixdfsi.o)
 .ARM.attributes
                0x00000278       0x2c c:/program files (x86)/atollic/truestudio for stm32 9.1.0/armtools/bin/../lib/gcc/arm-atollic-eabi/6.3.1/armv6-m\libgcc.a(floatunsidf.o)
 .ARM.attributes
                0x000002a4       0x1e c:/program files (x86)/atollic/truestudio for stm32 9.1.0/armtools/bin/../lib/gcc/arm-atollic-eabi/6.3.1/armv6-m\libgcc.a(_arm_cmpdf2.o)
 .ARM.attributes
                0x000002c2       0x1e c:/program files (x86)/atollic/truestudio for stm32 9.1.0/armtools/bin/../lib/gcc/arm-atollic-eabi/6.3.1/armv6-m\libgcc.a(_clzsi2.o)
 .ARM.attributes
                0x000002e0       0x2c c:/program files (x86)/atollic/truestudio for stm32 9.1.0/armtools/bin/../lib/gcc/arm-atollic-eabi/6.3.1/armv6-m\libgcc.a(eqdf2.o)
 .ARM.attributes
                0x0000030c       0x2c c:/program files (x86)/atollic/truestudio for stm32 9.1.0/armtools/bin/../lib/gcc/arm-atollic-eabi/6.3.1/armv6-m\libgcc.a(gedf2.o)
 .ARM.attributes
                0x00000338       0x2c c:/program files (x86)/atollic/truestudio for stm32 9.1.0/armtools/bin/../lib/gcc/arm-atollic-eabi/6.3.1/armv6-m\libgcc.a(ledf2.o)
 .ARM.attributes
                0x00000364       0x1e c:/program files (x86)/atollic/truestudio for stm32 9.1.0/armtools/bin/../lib/gcc/arm-atollic-eabi/6.3.1/armv6-m/crtn.o
OUTPUT(f0_blinker.elf elf32-littlearm)

.debug_info     0x00000000     0x1c77
 .debug_info    0x00000000      0x68f Libraries\STM32F0xx_StdPeriph_Driver\src\stm32f0xx_gpio.o
 .debug_info    0x0000068f      0x9f2 Libraries\STM32F0xx_StdPeriph_Driver\src\stm32f0xx_rcc.o
 .debug_info    0x00001081      0x4ae src\delay.o
 .debug_info    0x0000152f      0x3e4 src\main.o
 .debug_info    0x00001913       0x70 src\startup_stm32f0xx.o
 .debug_info    0x00001983      0x2f4 src\system_stm32f0xx.o

.debug_abbrev   0x00000000      0x8be
 .debug_abbrev  0x00000000      0x1de Libraries\STM32F0xx_StdPeriph_Driver\src\stm32f0xx_gpio.o
 .debug_abbrev  0x000001de      0x243 Libraries\STM32F0xx_StdPeriph_Driver\src\stm32f0xx_rcc.o
 .debug_abbrev  0x00000421      0x1ee src\delay.o
 .debug_abbrev  0x0000060f      0x152 src\main.o
 .debug_abbrev  0x00000761       0x12 src\startup_stm32f0xx.o
 .debug_abbrev  0x00000773      0x14b src\system_stm32f0xx.o

.debug_loc      0x00000000      0xc01
 .debug_loc     0x00000000      0x31b Libraries\STM32F0xx_StdPeriph_Driver\src\stm32f0xx_gpio.o
 .debug_loc     0x0000031b      0x79f Libraries\STM32F0xx_StdPeriph_Driver\src\stm32f0xx_rcc.o
 .debug_loc     0x00000aba       0x59 src\delay.o
 .debug_loc     0x00000b13       0xee src\system_stm32f0xx.o

.debug_aranges  0x00000000      0x278
 .debug_aranges
                0x00000000       0x80 Libraries\STM32F0xx_StdPeriph_Driver\src\stm32f0xx_gpio.o
 .debug_aranges
                0x00000080      0x150 Libraries\STM32F0xx_StdPeriph_Driver\src\stm32f0xx_rcc.o
 .debug_aranges
                0x000001d0       0x38 src\delay.o
 .debug_aranges
                0x00000208       0x20 src\main.o
 .debug_aranges
                0x00000228       0x28 src\startup_stm32f0xx.o
 .debug_aranges
                0x00000250       0x28 src\system_stm32f0xx.o

.debug_ranges   0x00000000      0x250
 .debug_ranges  0x00000000       0x70 Libraries\STM32F0xx_StdPeriph_Driver\src\stm32f0xx_gpio.o
 .debug_ranges  0x00000070      0x140 Libraries\STM32F0xx_StdPeriph_Driver\src\stm32f0xx_rcc.o
 .debug_ranges  0x000001b0       0x40 src\delay.o
 .debug_ranges  0x000001f0       0x10 src\main.o
 .debug_ranges  0x00000200       0x20 src\startup_stm32f0xx.o
 .debug_ranges  0x00000220       0x30 src\system_stm32f0xx.o

.debug_line     0x00000000      0xf9f
 .debug_line    0x00000000      0x35c Libraries\STM32F0xx_StdPeriph_Driver\src\stm32f0xx_gpio.o
 .debug_line    0x0000035c      0x604 Libraries\STM32F0xx_StdPeriph_Driver\src\stm32f0xx_rcc.o
 .debug_line    0x00000960      0x1f8 src\delay.o
 .debug_line    0x00000b58      0x220 src\main.o
 .debug_line    0x00000d78       0x7d src\startup_stm32f0xx.o
 .debug_line    0x00000df5      0x1aa src\system_stm32f0xx.o

.debug_str      0x00000000      0xd4b
 .debug_str     0x00000000      0x4ae Libraries\STM32F0xx_StdPeriph_Driver\src\stm32f0xx_gpio.o
                                0x4fc (size before relaxing)
 .debug_str     0x000004ae      0x559 Libraries\STM32F0xx_StdPeriph_Driver\src\stm32f0xx_rcc.o
                                0x77f (size before relaxing)
 .debug_str     0x00000a07      0x2d4 src\delay.o
                                0x487 (size before relaxing)
 .debug_str     0x00000cdb       0x26 src\main.o
                                0x3b2 (size before relaxing)
 .debug_str     0x00000d01       0x4a src\system_stm32f0xx.o
                                0x2a2 (size before relaxing)

.comment        0x00000000       0x7c
 .comment       0x00000000       0x7c Libraries\STM32F0xx_StdPeriph_Driver\src\stm32f0xx_gpio.o
                                 0x7d (size before relaxing)
 .comment       0x0000007c       0x7d Libraries\STM32F0xx_StdPeriph_Driver\src\stm32f0xx_rcc.o
 .comment       0x0000007c       0x7d src\delay.o
 .comment       0x0000007c       0x7d src\main.o
 .comment       0x0000007c       0x7d src\system_stm32f0xx.o

.debug_frame    0x00000000      0x670
 .debug_frame   0x00000000      0x108 Libraries\STM32F0xx_StdPeriph_Driver\src\stm32f0xx_gpio.o
 .debug_frame   0x00000108      0x2a0 Libraries\STM32F0xx_StdPeriph_Driver\src\stm32f0xx_rcc.o
 .debug_frame   0x000003a8       0x68 src\delay.o
 .debug_frame   0x00000410       0x30 src\main.o
 .debug_frame   0x00000440       0x48 src\system_stm32f0xx.o
 .debug_frame   0x00000488       0x2c c:/program files (x86)/atollic/truestudio for stm32 9.1.0/armtools/bin/../lib/gcc/arm-atollic-eabi/6.3.1/../../../../arm-atollic-eabi/lib/armv6-m\libc_nano.a(lib_a-init.o)
 .debug_frame   0x000004b4       0x20 c:/program files (x86)/atollic/truestudio for stm32 9.1.0/armtools/bin/../lib/gcc/arm-atollic-eabi/6.3.1/armv6-m\libgcc.a(_udivsi3.o)
 .debug_frame   0x000004d4       0x2c c:/program files (x86)/atollic/truestudio for stm32 9.1.0/armtools/bin/../lib/gcc/arm-atollic-eabi/6.3.1/armv6-m\libgcc.a(_fixunsdfsi.o)
 .debug_frame   0x00000500       0x3c c:/program files (x86)/atollic/truestudio for stm32 9.1.0/armtools/bin/../lib/gcc/arm-atollic-eabi/6.3.1/armv6-m\libgcc.a(divdf3.o)
 .debug_frame   0x0000053c       0x38 c:/program files (x86)/atollic/truestudio for stm32 9.1.0/armtools/bin/../lib/gcc/arm-atollic-eabi/6.3.1/armv6-m\libgcc.a(subdf3.o)
 .debug_frame   0x00000574       0x2c c:/program files (x86)/atollic/truestudio for stm32 9.1.0/armtools/bin/../lib/gcc/arm-atollic-eabi/6.3.1/armv6-m\libgcc.a(fixdfsi.o)
 .debug_frame   0x000005a0       0x28 c:/program files (x86)/atollic/truestudio for stm32 9.1.0/armtools/bin/../lib/gcc/arm-atollic-eabi/6.3.1/armv6-m\libgcc.a(floatunsidf.o)
 .debug_frame   0x000005c8       0x38 c:/program files (x86)/atollic/truestudio for stm32 9.1.0/armtools/bin/../lib/gcc/arm-atollic-eabi/6.3.1/armv6-m\libgcc.a(eqdf2.o)
 .debug_frame   0x00000600       0x38 c:/program files (x86)/atollic/truestudio for stm32 9.1.0/armtools/bin/../lib/gcc/arm-atollic-eabi/6.3.1/armv6-m\libgcc.a(gedf2.o)
 .debug_frame   0x00000638       0x38 c:/program files (x86)/atollic/truestudio for stm32 9.1.0/armtools/bin/../lib/gcc/arm-atollic-eabi/6.3.1/armv6-m\libgcc.a(ledf2.o)

Cross Reference Table

Symbol                                            File
ADC1_COMP_IRQHandler                              src\startup_stm32f0xx.o
ADC_AnalogWatchdogCmd                             Libraries\STM32F0xx_StdPeriph_Driver\src\stm32f0xx_adc.o
ADC_AnalogWatchdogSingleChannelCmd                Libraries\STM32F0xx_StdPeriph_Driver\src\stm32f0xx_adc.o
ADC_AnalogWatchdogSingleChannelConfig             Libraries\STM32F0xx_StdPeriph_Driver\src\stm32f0xx_adc.o
ADC_AnalogWatchdogThresholdsConfig                Libraries\STM32F0xx_StdPeriph_Driver\src\stm32f0xx_adc.o
ADC_AutoPowerOffCmd                               Libraries\STM32F0xx_StdPeriph_Driver\src\stm32f0xx_adc.o
ADC_ChannelConfig                                 Libraries\STM32F0xx_StdPeriph_Driver\src\stm32f0xx_adc.o
ADC_ClearFlag                                     Libraries\STM32F0xx_StdPeriph_Driver\src\stm32f0xx_adc.o
ADC_ClearITPendingBit                             Libraries\STM32F0xx_StdPeriph_Driver\src\stm32f0xx_adc.o
ADC_Cmd                                           Libraries\STM32F0xx_StdPeriph_Driver\src\stm32f0xx_adc.o
ADC_ContinuousModeCmd                             Libraries\STM32F0xx_StdPeriph_Driver\src\stm32f0xx_adc.o
ADC_DMACmd                                        Libraries\STM32F0xx_StdPeriph_Driver\src\stm32f0xx_adc.o
ADC_DMARequestModeConfig                          Libraries\STM32F0xx_StdPeriph_Driver\src\stm32f0xx_adc.o
ADC_DeInit                                        Libraries\STM32F0xx_StdPeriph_Driver\src\stm32f0xx_adc.o
ADC_DiscModeCmd                                   Libraries\STM32F0xx_StdPeriph_Driver\src\stm32f0xx_adc.o
ADC_GetCalibrationFactor                          Libraries\STM32F0xx_StdPeriph_Driver\src\stm32f0xx_adc.o
ADC_GetConversionValue                            Libraries\STM32F0xx_StdPeriph_Driver\src\stm32f0xx_adc.o
ADC_GetFlagStatus                                 Libraries\STM32F0xx_StdPeriph_Driver\src\stm32f0xx_adc.o
ADC_GetITStatus                                   Libraries\STM32F0xx_StdPeriph_Driver\src\stm32f0xx_adc.o
ADC_ITConfig                                      Libraries\STM32F0xx_StdPeriph_Driver\src\stm32f0xx_adc.o
ADC_Init                                          Libraries\STM32F0xx_StdPeriph_Driver\src\stm32f0xx_adc.o
ADC_JitterCmd                                     Libraries\STM32F0xx_StdPeriph_Driver\src\stm32f0xx_adc.o
ADC_OverrunModeCmd                                Libraries\STM32F0xx_StdPeriph_Driver\src\stm32f0xx_adc.o
ADC_StartOfConversion                             Libraries\STM32F0xx_StdPeriph_Driver\src\stm32f0xx_adc.o
ADC_StopOfConversion                              Libraries\STM32F0xx_StdPeriph_Driver\src\stm32f0xx_adc.o
ADC_StructInit                                    Libraries\STM32F0xx_StdPeriph_Driver\src\stm32f0xx_adc.o
ADC_TempSensorCmd                                 Libraries\STM32F0xx_StdPeriph_Driver\src\stm32f0xx_adc.o
ADC_VbatCmd                                       Libraries\STM32F0xx_StdPeriph_Driver\src\stm32f0xx_adc.o
ADC_VrefintCmd                                    Libraries\STM32F0xx_StdPeriph_Driver\src\stm32f0xx_adc.o
ADC_WaitModeCmd                                   Libraries\STM32F0xx_StdPeriph_Driver\src\stm32f0xx_adc.o
AHBPrescTable                                     src\system_stm32f0xx.o
CEC_ClearFlag                                     Libraries\STM32F0xx_StdPeriph_Driver\src\stm32f0xx_cec.o
CEC_ClearITPendingBit                             Libraries\STM32F0xx_StdPeriph_Driver\src\stm32f0xx_cec.o
CEC_Cmd                                           Libraries\STM32F0xx_StdPeriph_Driver\src\stm32f0xx_cec.o
CEC_DeInit                                        Libraries\STM32F0xx_StdPeriph_Driver\src\stm32f0xx_cec.o
CEC_EndOfMessage                                  Libraries\STM32F0xx_StdPeriph_Driver\src\stm32f0xx_cec.o
CEC_GetFlagStatus                                 Libraries\STM32F0xx_StdPeriph_Driver\src\stm32f0xx_cec.o
CEC_GetITStatus                                   Libraries\STM32F0xx_StdPeriph_Driver\src\stm32f0xx_cec.o
CEC_IRQHandler                                    src\startup_stm32f0xx.o
CEC_ITConfig                                      Libraries\STM32F0xx_StdPeriph_Driver\src\stm32f0xx_cec.o
CEC_Init                                          Libraries\STM32F0xx_StdPeriph_Driver\src\stm32f0xx_cec.o
CEC_ListenModeCmd                                 Libraries\STM32F0xx_StdPeriph_Driver\src\stm32f0xx_cec.o
CEC_OwnAddressClear                               Libraries\STM32F0xx_StdPeriph_Driver\src\stm32f0xx_cec.o
CEC_OwnAddressConfig                              Libraries\STM32F0xx_StdPeriph_Driver\src\stm32f0xx_cec.o
CEC_ReceiveData                                   Libraries\STM32F0xx_StdPeriph_Driver\src\stm32f0xx_cec.o
CEC_SendData                                      Libraries\STM32F0xx_StdPeriph_Driver\src\stm32f0xx_cec.o
CEC_StartOfMessage                                Libraries\STM32F0xx_StdPeriph_Driver\src\stm32f0xx_cec.o
CEC_StructInit                                    Libraries\STM32F0xx_StdPeriph_Driver\src\stm32f0xx_cec.o
COMP_Cmd                                          Libraries\STM32F0xx_StdPeriph_Driver\src\stm32f0xx_comp.o
COMP_DeInit                                       Libraries\STM32F0xx_StdPeriph_Driver\src\stm32f0xx_comp.o
COMP_GetOutputLevel                               Libraries\STM32F0xx_StdPeriph_Driver\src\stm32f0xx_comp.o
COMP_Init                                         Libraries\STM32F0xx_StdPeriph_Driver\src\stm32f0xx_comp.o
COMP_LockConfig                                   Libraries\STM32F0xx_StdPeriph_Driver\src\stm32f0xx_comp.o
COMP_StructInit                                   Libraries\STM32F0xx_StdPeriph_Driver\src\stm32f0xx_comp.o
COMP_SwitchCmd                                    Libraries\STM32F0xx_StdPeriph_Driver\src\stm32f0xx_comp.o
COMP_WindowCmd                                    Libraries\STM32F0xx_StdPeriph_Driver\src\stm32f0xx_comp.o
CRC_CalcBlockCRC                                  Libraries\STM32F0xx_StdPeriph_Driver\src\stm32f0xx_crc.o
CRC_CalcCRC                                       Libraries\STM32F0xx_StdPeriph_Driver\src\stm32f0xx_crc.o
CRC_DeInit                                        Libraries\STM32F0xx_StdPeriph_Driver\src\stm32f0xx_crc.o
CRC_GetCRC                                        Libraries\STM32F0xx_StdPeriph_Driver\src\stm32f0xx_crc.o
CRC_GetIDRegister                                 Libraries\STM32F0xx_StdPeriph_Driver\src\stm32f0xx_crc.o
CRC_ResetDR                                       Libraries\STM32F0xx_StdPeriph_Driver\src\stm32f0xx_crc.o
CRC_ReverseInputDataSelect                        Libraries\STM32F0xx_StdPeriph_Driver\src\stm32f0xx_crc.o
CRC_ReverseOutputDataCmd                          Libraries\STM32F0xx_StdPeriph_Driver\src\stm32f0xx_crc.o
CRC_SetIDRegister                                 Libraries\STM32F0xx_StdPeriph_Driver\src\stm32f0xx_crc.o
CRC_SetInitRegister                               Libraries\STM32F0xx_StdPeriph_Driver\src\stm32f0xx_crc.o
DAC_ClearFlag                                     Libraries\STM32F0xx_StdPeriph_Driver\src\stm32f0xx_dac.o
DAC_ClearITPendingBit                             Libraries\STM32F0xx_StdPeriph_Driver\src\stm32f0xx_dac.o
DAC_Cmd                                           Libraries\STM32F0xx_StdPeriph_Driver\src\stm32f0xx_dac.o
DAC_DMACmd                                        Libraries\STM32F0xx_StdPeriph_Driver\src\stm32f0xx_dac.o
DAC_DeInit                                        Libraries\STM32F0xx_StdPeriph_Driver\src\stm32f0xx_dac.o
DAC_GetDataOutputValue                            Libraries\STM32F0xx_StdPeriph_Driver\src\stm32f0xx_dac.o
DAC_GetFlagStatus                                 Libraries\STM32F0xx_StdPeriph_Driver\src\stm32f0xx_dac.o
DAC_GetITStatus                                   Libraries\STM32F0xx_StdPeriph_Driver\src\stm32f0xx_dac.o
DAC_ITConfig                                      Libraries\STM32F0xx_StdPeriph_Driver\src\stm32f0xx_dac.o
DAC_Init                                          Libraries\STM32F0xx_StdPeriph_Driver\src\stm32f0xx_dac.o
DAC_SetChannel1Data                               Libraries\STM32F0xx_StdPeriph_Driver\src\stm32f0xx_dac.o
DAC_SoftwareTriggerCmd                            Libraries\STM32F0xx_StdPeriph_Driver\src\stm32f0xx_dac.o
DAC_StructInit                                    Libraries\STM32F0xx_StdPeriph_Driver\src\stm32f0xx_dac.o
DBGMCU_APB1PeriphConfig                           Libraries\STM32F0xx_StdPeriph_Driver\src\stm32f0xx_dbgmcu.o
DBGMCU_APB2PeriphConfig                           Libraries\STM32F0xx_StdPeriph_Driver\src\stm32f0xx_dbgmcu.o
DBGMCU_Config                                     Libraries\STM32F0xx_StdPeriph_Driver\src\stm32f0xx_dbgmcu.o
DBGMCU_GetDEVID                                   Libraries\STM32F0xx_StdPeriph_Driver\src\stm32f0xx_dbgmcu.o
DBGMCU_GetREVID                                   Libraries\STM32F0xx_StdPeriph_Driver\src\stm32f0xx_dbgmcu.o
DMA1_Channel1_IRQHandler                          src\startup_stm32f0xx.o
DMA1_Channel2_3_IRQHandler                        src\startup_stm32f0xx.o
DMA1_Channel4_5_IRQHandler                        src\startup_stm32f0xx.o
DMA_ClearFlag                                     Libraries\STM32F0xx_StdPeriph_Driver\src\stm32f0xx_dma.o
DMA_ClearITPendingBit                             Libraries\STM32F0xx_StdPeriph_Driver\src\stm32f0xx_dma.o
DMA_Cmd                                           Libraries\STM32F0xx_StdPeriph_Driver\src\stm32f0xx_dma.o
DMA_DeInit                                        Libraries\STM32F0xx_StdPeriph_Driver\src\stm32f0xx_dma.o
DMA_GetCurrDataCounter                            Libraries\STM32F0xx_StdPeriph_Driver\src\stm32f0xx_dma.o
DMA_GetFlagStatus                                 Libraries\STM32F0xx_StdPeriph_Driver\src\stm32f0xx_dma.o
DMA_GetITStatus                                   Libraries\STM32F0xx_StdPeriph_Driver\src\stm32f0xx_dma.o
DMA_ITConfig                                      Libraries\STM32F0xx_StdPeriph_Driver\src\stm32f0xx_dma.o
DMA_Init                                          Libraries\STM32F0xx_StdPeriph_Driver\src\stm32f0xx_dma.o
DMA_SetCurrDataCounter                            Libraries\STM32F0xx_StdPeriph_Driver\src\stm32f0xx_dma.o
DMA_StructInit                                    Libraries\STM32F0xx_StdPeriph_Driver\src\stm32f0xx_dma.o
Default_Handler                                   src\startup_stm32f0xx.o
EXTI0_1_IRQHandler                                src\startup_stm32f0xx.o
EXTI2_3_IRQHandler                                src\startup_stm32f0xx.o
EXTI4_15_IRQHandler                               src\startup_stm32f0xx.o
EXTI_ClearFlag                                    Libraries\STM32F0xx_StdPeriph_Driver\src\stm32f0xx_exti.o
EXTI_ClearITPendingBit                            Libraries\STM32F0xx_StdPeriph_Driver\src\stm32f0xx_exti.o
EXTI_DeInit                                       Libraries\STM32F0xx_StdPeriph_Driver\src\stm32f0xx_exti.o
EXTI_GenerateSWInterrupt                          Libraries\STM32F0xx_StdPeriph_Driver\src\stm32f0xx_exti.o
EXTI_GetFlagStatus                                Libraries\STM32F0xx_StdPeriph_Driver\src\stm32f0xx_exti.o
EXTI_GetITStatus                                  Libraries\STM32F0xx_StdPeriph_Driver\src\stm32f0xx_exti.o
EXTI_Init                                         Libraries\STM32F0xx_StdPeriph_Driver\src\stm32f0xx_exti.o
EXTI_StructInit                                   Libraries\STM32F0xx_StdPeriph_Driver\src\stm32f0xx_exti.o
FLASH_ClearFlag                                   Libraries\STM32F0xx_StdPeriph_Driver\src\stm32f0xx_flash.o
FLASH_EraseAllPages                               Libraries\STM32F0xx_StdPeriph_Driver\src\stm32f0xx_flash.o
FLASH_ErasePage                                   Libraries\STM32F0xx_StdPeriph_Driver\src\stm32f0xx_flash.o
FLASH_GetFlagStatus                               Libraries\STM32F0xx_StdPeriph_Driver\src\stm32f0xx_flash.o
FLASH_GetPrefetchBufferStatus                     Libraries\STM32F0xx_StdPeriph_Driver\src\stm32f0xx_flash.o
FLASH_GetStatus                                   Libraries\STM32F0xx_StdPeriph_Driver\src\stm32f0xx_flash.o
FLASH_IRQHandler                                  src\startup_stm32f0xx.o
FLASH_ITConfig                                    Libraries\STM32F0xx_StdPeriph_Driver\src\stm32f0xx_flash.o
FLASH_Lock                                        Libraries\STM32F0xx_StdPeriph_Driver\src\stm32f0xx_flash.o
FLASH_OB_BOOTConfig                               Libraries\STM32F0xx_StdPeriph_Driver\src\stm32f0xx_flash.o
FLASH_OB_EnableWRP                                Libraries\STM32F0xx_StdPeriph_Driver\src\stm32f0xx_flash.o
FLASH_OB_Erase                                    Libraries\STM32F0xx_StdPeriph_Driver\src\stm32f0xx_flash.o
FLASH_OB_GetRDP                                   Libraries\STM32F0xx_StdPeriph_Driver\src\stm32f0xx_flash.o
FLASH_OB_GetUser                                  Libraries\STM32F0xx_StdPeriph_Driver\src\stm32f0xx_flash.o
FLASH_OB_GetWRP                                   Libraries\STM32F0xx_StdPeriph_Driver\src\stm32f0xx_flash.o
FLASH_OB_Launch                                   Libraries\STM32F0xx_StdPeriph_Driver\src\stm32f0xx_flash.o
FLASH_OB_Lock                                     Libraries\STM32F0xx_StdPeriph_Driver\src\stm32f0xx_flash.o
FLASH_OB_RDPConfig                                Libraries\STM32F0xx_StdPeriph_Driver\src\stm32f0xx_flash.o
FLASH_OB_SRAMParityConfig                         Libraries\STM32F0xx_StdPeriph_Driver\src\stm32f0xx_flash.o
FLASH_OB_Unlock                                   Libraries\STM32F0xx_StdPeriph_Driver\src\stm32f0xx_flash.o
FLASH_OB_UserConfig                               Libraries\STM32F0xx_StdPeriph_Driver\src\stm32f0xx_flash.o
FLASH_OB_VDDAConfig                               Libraries\STM32F0xx_StdPeriph_Driver\src\stm32f0xx_flash.o
FLASH_OB_WriteUser                                Libraries\STM32F0xx_StdPeriph_Driver\src\stm32f0xx_flash.o
FLASH_PrefetchBufferCmd                           Libraries\STM32F0xx_StdPeriph_Driver\src\stm32f0xx_flash.o
FLASH_ProgramHalfWord                             Libraries\STM32F0xx_StdPeriph_Driver\src\stm32f0xx_flash.o
FLASH_ProgramOptionByteData                       Libraries\STM32F0xx_StdPeriph_Driver\src\stm32f0xx_flash.o
FLASH_ProgramWord                                 Libraries\STM32F0xx_StdPeriph_Driver\src\stm32f0xx_flash.o
FLASH_SetLatency                                  Libraries\STM32F0xx_StdPeriph_Driver\src\stm32f0xx_flash.o
FLASH_Unlock                                      Libraries\STM32F0xx_StdPeriph_Driver\src\stm32f0xx_flash.o
FLASH_WaitForLastOperation                        Libraries\STM32F0xx_StdPeriph_Driver\src\stm32f0xx_flash.o
GPIO_DeInit                                       Libraries\STM32F0xx_StdPeriph_Driver\src\stm32f0xx_gpio.o
GPIO_Init                                         Libraries\STM32F0xx_StdPeriph_Driver\src\stm32f0xx_gpio.o
                                                  src\main.o
GPIO_PinAFConfig                                  Libraries\STM32F0xx_StdPeriph_Driver\src\stm32f0xx_gpio.o
GPIO_PinLockConfig                                Libraries\STM32F0xx_StdPeriph_Driver\src\stm32f0xx_gpio.o
GPIO_ReadInputData                                Libraries\STM32F0xx_StdPeriph_Driver\src\stm32f0xx_gpio.o
GPIO_ReadInputDataBit                             Libraries\STM32F0xx_StdPeriph_Driver\src\stm32f0xx_gpio.o
GPIO_ReadOutputData                               Libraries\STM32F0xx_StdPeriph_Driver\src\stm32f0xx_gpio.o
GPIO_ReadOutputDataBit                            Libraries\STM32F0xx_StdPeriph_Driver\src\stm32f0xx_gpio.o
GPIO_ResetBits                                    Libraries\STM32F0xx_StdPeriph_Driver\src\stm32f0xx_gpio.o
GPIO_SetBits                                      Libraries\STM32F0xx_StdPeriph_Driver\src\stm32f0xx_gpio.o
GPIO_StructInit                                   Libraries\STM32F0xx_StdPeriph_Driver\src\stm32f0xx_gpio.o
GPIO_Write                                        Libraries\STM32F0xx_StdPeriph_Driver\src\stm32f0xx_gpio.o
GPIO_WriteBit                                     Libraries\STM32F0xx_StdPeriph_Driver\src\stm32f0xx_gpio.o
                                                  src\main.o
HardFault_Handler                                 src\startup_stm32f0xx.o
I2C1_IRQHandler                                   src\startup_stm32f0xx.o
I2C2_IRQHandler                                   src\startup_stm32f0xx.o
I2C_10BitAddressHeaderCmd                         Libraries\STM32F0xx_StdPeriph_Driver\src\stm32f0xx_i2c.o
I2C_10BitAddressingModeCmd                        Libraries\STM32F0xx_StdPeriph_Driver\src\stm32f0xx_i2c.o
I2C_AcknowledgeConfig                             Libraries\STM32F0xx_StdPeriph_Driver\src\stm32f0xx_i2c.o
I2C_AutoEndCmd                                    Libraries\STM32F0xx_StdPeriph_Driver\src\stm32f0xx_i2c.o
I2C_CalculatePEC                                  Libraries\STM32F0xx_StdPeriph_Driver\src\stm32f0xx_i2c.o
I2C_ClearFlag                                     Libraries\STM32F0xx_StdPeriph_Driver\src\stm32f0xx_i2c.o
I2C_ClearITPendingBit                             Libraries\STM32F0xx_StdPeriph_Driver\src\stm32f0xx_i2c.o
I2C_ClockTimeoutCmd                               Libraries\STM32F0xx_StdPeriph_Driver\src\stm32f0xx_i2c.o
I2C_Cmd                                           Libraries\STM32F0xx_StdPeriph_Driver\src\stm32f0xx_i2c.o
I2C_DMACmd                                        Libraries\STM32F0xx_StdPeriph_Driver\src\stm32f0xx_i2c.o
I2C_DeInit                                        Libraries\STM32F0xx_StdPeriph_Driver\src\stm32f0xx_i2c.o
I2C_DualAddressCmd                                Libraries\STM32F0xx_StdPeriph_Driver\src\stm32f0xx_i2c.o
I2C_ExtendedClockTimeoutCmd                       Libraries\STM32F0xx_StdPeriph_Driver\src\stm32f0xx_i2c.o
I2C_GeneralCallCmd                                Libraries\STM32F0xx_StdPeriph_Driver\src\stm32f0xx_i2c.o
I2C_GenerateSTART                                 Libraries\STM32F0xx_StdPeriph_Driver\src\stm32f0xx_i2c.o
I2C_GenerateSTOP                                  Libraries\STM32F0xx_StdPeriph_Driver\src\stm32f0xx_i2c.o
I2C_GetAddressMatched                             Libraries\STM32F0xx_StdPeriph_Driver\src\stm32f0xx_i2c.o
I2C_GetFlagStatus                                 Libraries\STM32F0xx_StdPeriph_Driver\src\stm32f0xx_i2c.o
I2C_GetITStatus                                   Libraries\STM32F0xx_StdPeriph_Driver\src\stm32f0xx_i2c.o
I2C_GetPEC                                        Libraries\STM32F0xx_StdPeriph_Driver\src\stm32f0xx_i2c.o
I2C_GetTransferDirection                          Libraries\STM32F0xx_StdPeriph_Driver\src\stm32f0xx_i2c.o
I2C_ITConfig                                      Libraries\STM32F0xx_StdPeriph_Driver\src\stm32f0xx_i2c.o
I2C_IdleClockTimeoutCmd                           Libraries\STM32F0xx_StdPeriph_Driver\src\stm32f0xx_i2c.o
I2C_Init                                          Libraries\STM32F0xx_StdPeriph_Driver\src\stm32f0xx_i2c.o
I2C_MasterRequestConfig                           Libraries\STM32F0xx_StdPeriph_Driver\src\stm32f0xx_i2c.o
I2C_NumberOfBytesConfig                           Libraries\STM32F0xx_StdPeriph_Driver\src\stm32f0xx_i2c.o
I2C_OwnAddress2Config                             Libraries\STM32F0xx_StdPeriph_Driver\src\stm32f0xx_i2c.o
I2C_PECRequestCmd                                 Libraries\STM32F0xx_StdPeriph_Driver\src\stm32f0xx_i2c.o
I2C_ReadRegister                                  Libraries\STM32F0xx_StdPeriph_Driver\src\stm32f0xx_i2c.o
I2C_ReceiveData                                   Libraries\STM32F0xx_StdPeriph_Driver\src\stm32f0xx_i2c.o
I2C_ReloadCmd                                     Libraries\STM32F0xx_StdPeriph_Driver\src\stm32f0xx_i2c.o
I2C_SMBusAlertCmd                                 Libraries\STM32F0xx_StdPeriph_Driver\src\stm32f0xx_i2c.o
I2C_SendData                                      Libraries\STM32F0xx_StdPeriph_Driver\src\stm32f0xx_i2c.o
I2C_SlaveAddressConfig                            Libraries\STM32F0xx_StdPeriph_Driver\src\stm32f0xx_i2c.o
I2C_SlaveByteControlCmd                           Libraries\STM32F0xx_StdPeriph_Driver\src\stm32f0xx_i2c.o
I2C_SoftwareResetCmd                              Libraries\STM32F0xx_StdPeriph_Driver\src\stm32f0xx_i2c.o
I2C_StopModeCmd                                   Libraries\STM32F0xx_StdPeriph_Driver\src\stm32f0xx_i2c.o
I2C_StretchClockCmd                               Libraries\STM32F0xx_StdPeriph_Driver\src\stm32f0xx_i2c.o
I2C_StructInit                                    Libraries\STM32F0xx_StdPeriph_Driver\src\stm32f0xx_i2c.o
I2C_TimeoutAConfig                                Libraries\STM32F0xx_StdPeriph_Driver\src\stm32f0xx_i2c.o
I2C_TimeoutBConfig                                Libraries\STM32F0xx_StdPeriph_Driver\src\stm32f0xx_i2c.o
I2C_TransferHandling                              Libraries\STM32F0xx_StdPeriph_Driver\src\stm32f0xx_i2c.o
I2S_Cmd                                           Libraries\STM32F0xx_StdPeriph_Driver\src\stm32f0xx_spi.o
I2S_Init                                          Libraries\STM32F0xx_StdPeriph_Driver\src\stm32f0xx_spi.o
I2S_StructInit                                    Libraries\STM32F0xx_StdPeriph_Driver\src\stm32f0xx_spi.o
IWDG_Enable                                       Libraries\STM32F0xx_StdPeriph_Driver\src\stm32f0xx_iwdg.o
IWDG_GetFlagStatus                                Libraries\STM32F0xx_StdPeriph_Driver\src\stm32f0xx_iwdg.o
IWDG_ReloadCounter                                Libraries\STM32F0xx_StdPeriph_Driver\src\stm32f0xx_iwdg.o
IWDG_SetPrescaler                                 Libraries\STM32F0xx_StdPeriph_Driver\src\stm32f0xx_iwdg.o
IWDG_SetReload                                    Libraries\STM32F0xx_StdPeriph_Driver\src\stm32f0xx_iwdg.o
IWDG_SetWindowValue                               Libraries\STM32F0xx_StdPeriph_Driver\src\stm32f0xx_iwdg.o
IWDG_WriteAccessCmd                               Libraries\STM32F0xx_StdPeriph_Driver\src\stm32f0xx_iwdg.o
Milliseconds                                      src\delay.o
NMI_Handler                                       src\startup_stm32f0xx.o
NVIC_Init                                         Libraries\STM32F0xx_StdPeriph_Driver\src\stm32f0xx_misc.o
NVIC_SystemLPConfig                               Libraries\STM32F0xx_StdPeriph_Driver\src\stm32f0xx_misc.o
PVD_IRQHandler                                    src\startup_stm32f0xx.o
PWR_BackupAccessCmd                               Libraries\STM32F0xx_StdPeriph_Driver\src\stm32f0xx_pwr.o
PWR_ClearFlag                                     Libraries\STM32F0xx_StdPeriph_Driver\src\stm32f0xx_pwr.o
PWR_DeInit                                        Libraries\STM32F0xx_StdPeriph_Driver\src\stm32f0xx_pwr.o
PWR_EnterSTANDBYMode                              Libraries\STM32F0xx_StdPeriph_Driver\src\stm32f0xx_pwr.o
PWR_EnterSTOPMode                                 Libraries\STM32F0xx_StdPeriph_Driver\src\stm32f0xx_pwr.o
PWR_EnterSleepMode                                Libraries\STM32F0xx_StdPeriph_Driver\src\stm32f0xx_pwr.o
PWR_GetFlagStatus                                 Libraries\STM32F0xx_StdPeriph_Driver\src\stm32f0xx_pwr.o
PWR_PVDCmd                                        Libraries\STM32F0xx_StdPeriph_Driver\src\stm32f0xx_pwr.o
PWR_PVDLevelConfig                                Libraries\STM32F0xx_StdPeriph_Driver\src\stm32f0xx_pwr.o
PWR_WakeUpPinCmd                                  Libraries\STM32F0xx_StdPeriph_Driver\src\stm32f0xx_pwr.o
PendSV_Handler                                    src\startup_stm32f0xx.o
RCC_ADCCLKConfig                                  Libraries\STM32F0xx_StdPeriph_Driver\src\stm32f0xx_rcc.o
RCC_AHBPeriphClockCmd                             Libraries\STM32F0xx_StdPeriph_Driver\src\stm32f0xx_rcc.o
                                                  src\main.o
RCC_AHBPeriphResetCmd                             Libraries\STM32F0xx_StdPeriph_Driver\src\stm32f0xx_rcc.o
                                                  Libraries\STM32F0xx_StdPeriph_Driver\src\stm32f0xx_gpio.o
RCC_APB1PeriphClockCmd                            Libraries\STM32F0xx_StdPeriph_Driver\src\stm32f0xx_rcc.o
RCC_APB1PeriphResetCmd                            Libraries\STM32F0xx_StdPeriph_Driver\src\stm32f0xx_rcc.o
                                                  Libraries\STM32F0xx_StdPeriph_Driver\src\stm32f0xx_wwdg.o
                                                  Libraries\STM32F0xx_StdPeriph_Driver\src\stm32f0xx_usart.o
                                                  Libraries\STM32F0xx_StdPeriph_Driver\src\stm32f0xx_tim.o
                                                  Libraries\STM32F0xx_StdPeriph_Driver\src\stm32f0xx_spi.o
                                                  Libraries\STM32F0xx_StdPeriph_Driver\src\stm32f0xx_pwr.o
                                                  Libraries\STM32F0xx_StdPeriph_Driver\src\stm32f0xx_i2c.o
                                                  Libraries\STM32F0xx_StdPeriph_Driver\src\stm32f0xx_cec.o
RCC_APB2PeriphClockCmd                            Libraries\STM32F0xx_StdPeriph_Driver\src\stm32f0xx_rcc.o
RCC_APB2PeriphResetCmd                            Libraries\STM32F0xx_StdPeriph_Driver\src\stm32f0xx_rcc.o
                                                  Libraries\STM32F0xx_StdPeriph_Driver\src\stm32f0xx_usart.o
                                                  Libraries\STM32F0xx_StdPeriph_Driver\src\stm32f0xx_tim.o
                                                  Libraries\STM32F0xx_StdPeriph_Driver\src\stm32f0xx_spi.o
                                                  Libraries\STM32F0xx_StdPeriph_Driver\src\stm32f0xx_adc.o
RCC_AdjustHSI14CalibrationValue                   Libraries\STM32F0xx_StdPeriph_Driver\src\stm32f0xx_rcc.o
RCC_AdjustHSICalibrationValue                     Libraries\STM32F0xx_StdPeriph_Driver\src\stm32f0xx_rcc.o
RCC_BackupResetCmd                                Libraries\STM32F0xx_StdPeriph_Driver\src\stm32f0xx_rcc.o
RCC_CECCLKConfig                                  Libraries\STM32F0xx_StdPeriph_Driver\src\stm32f0xx_rcc.o
RCC_ClearFlag                                     Libraries\STM32F0xx_StdPeriph_Driver\src\stm32f0xx_rcc.o
RCC_ClearITPendingBit                             Libraries\STM32F0xx_StdPeriph_Driver\src\stm32f0xx_rcc.o
RCC_ClockSecuritySystemCmd                        Libraries\STM32F0xx_StdPeriph_Driver\src\stm32f0xx_rcc.o
RCC_DeInit                                        Libraries\STM32F0xx_StdPeriph_Driver\src\stm32f0xx_rcc.o
RCC_GetClocksFreq                                 Libraries\STM32F0xx_StdPeriph_Driver\src\stm32f0xx_rcc.o
                                                  Libraries\STM32F0xx_StdPeriph_Driver\src\stm32f0xx_usart.o
                                                  Libraries\STM32F0xx_StdPeriph_Driver\src\stm32f0xx_spi.o
RCC_GetFlagStatus                                 Libraries\STM32F0xx_StdPeriph_Driver\src\stm32f0xx_rcc.o
RCC_GetITStatus                                   Libraries\STM32F0xx_StdPeriph_Driver\src\stm32f0xx_rcc.o
RCC_GetSYSCLKSource                               Libraries\STM32F0xx_StdPeriph_Driver\src\stm32f0xx_rcc.o
RCC_HCLKConfig                                    Libraries\STM32F0xx_StdPeriph_Driver\src\stm32f0xx_rcc.o
RCC_HSEConfig                                     Libraries\STM32F0xx_StdPeriph_Driver\src\stm32f0xx_rcc.o
RCC_HSI14ADCRequestCmd                            Libraries\STM32F0xx_StdPeriph_Driver\src\stm32f0xx_rcc.o
RCC_HSI14Cmd                                      Libraries\STM32F0xx_StdPeriph_Driver\src\stm32f0xx_rcc.o
RCC_HSICmd                                        Libraries\STM32F0xx_StdPeriph_Driver\src\stm32f0xx_rcc.o
RCC_I2CCLKConfig                                  Libraries\STM32F0xx_StdPeriph_Driver\src\stm32f0xx_rcc.o
RCC_IRQHandler                                    src\startup_stm32f0xx.o
RCC_ITConfig                                      Libraries\STM32F0xx_StdPeriph_Driver\src\stm32f0xx_rcc.o
RCC_LSEConfig                                     Libraries\STM32F0xx_StdPeriph_Driver\src\stm32f0xx_rcc.o
RCC_LSEDriveConfig                                Libraries\STM32F0xx_StdPeriph_Driver\src\stm32f0xx_rcc.o
RCC_LSICmd                                        Libraries\STM32F0xx_StdPeriph_Driver\src\stm32f0xx_rcc.o
RCC_MCOConfig                                     Libraries\STM32F0xx_StdPeriph_Driver\src\stm32f0xx_rcc.o
RCC_PCLKConfig                                    Libraries\STM32F0xx_StdPeriph_Driver\src\stm32f0xx_rcc.o
RCC_PLLCmd                                        Libraries\STM32F0xx_StdPeriph_Driver\src\stm32f0xx_rcc.o
RCC_PLLConfig                                     Libraries\STM32F0xx_StdPeriph_Driver\src\stm32f0xx_rcc.o
RCC_PREDIV1Config                                 Libraries\STM32F0xx_StdPeriph_Driver\src\stm32f0xx_rcc.o
RCC_RTCCLKCmd                                     Libraries\STM32F0xx_StdPeriph_Driver\src\stm32f0xx_rcc.o
RCC_RTCCLKConfig                                  Libraries\STM32F0xx_StdPeriph_Driver\src\stm32f0xx_rcc.o
RCC_SYSCLKConfig                                  Libraries\STM32F0xx_StdPeriph_Driver\src\stm32f0xx_rcc.o
RCC_USARTCLKConfig                                Libraries\STM32F0xx_StdPeriph_Driver\src\stm32f0xx_rcc.o
RCC_WaitForHSEStartUp                             Libraries\STM32F0xx_StdPeriph_Driver\src\stm32f0xx_rcc.o
RTC_AlarmCmd                                      Libraries\STM32F0xx_StdPeriph_Driver\src\stm32f0xx_rtc.o
RTC_AlarmStructInit                               Libraries\STM32F0xx_StdPeriph_Driver\src\stm32f0xx_rtc.o
RTC_AlarmSubSecondConfig                          Libraries\STM32F0xx_StdPeriph_Driver\src\stm32f0xx_rtc.o
RTC_BypassShadowCmd                               Libraries\STM32F0xx_StdPeriph_Driver\src\stm32f0xx_rtc.o
RTC_CalibOutputCmd                                Libraries\STM32F0xx_StdPeriph_Driver\src\stm32f0xx_rtc.o
RTC_CalibOutputConfig                             Libraries\STM32F0xx_StdPeriph_Driver\src\stm32f0xx_rtc.o
RTC_ClearFlag                                     Libraries\STM32F0xx_StdPeriph_Driver\src\stm32f0xx_rtc.o
RTC_ClearITPendingBit                             Libraries\STM32F0xx_StdPeriph_Driver\src\stm32f0xx_rtc.o
RTC_DateStructInit                                Libraries\STM32F0xx_StdPeriph_Driver\src\stm32f0xx_rtc.o
RTC_DayLightSavingConfig                          Libraries\STM32F0xx_StdPeriph_Driver\src\stm32f0xx_rtc.o
RTC_DeInit                                        Libraries\STM32F0xx_StdPeriph_Driver\src\stm32f0xx_rtc.o
RTC_EnterInitMode                                 Libraries\STM32F0xx_StdPeriph_Driver\src\stm32f0xx_rtc.o
RTC_ExitInitMode                                  Libraries\STM32F0xx_StdPeriph_Driver\src\stm32f0xx_rtc.o
RTC_GetAlarm                                      Libraries\STM32F0xx_StdPeriph_Driver\src\stm32f0xx_rtc.o
RTC_GetAlarmSubSecond                             Libraries\STM32F0xx_StdPeriph_Driver\src\stm32f0xx_rtc.o
RTC_GetDate                                       Libraries\STM32F0xx_StdPeriph_Driver\src\stm32f0xx_rtc.o
RTC_GetFlagStatus                                 Libraries\STM32F0xx_StdPeriph_Driver\src\stm32f0xx_rtc.o
RTC_GetITStatus                                   Libraries\STM32F0xx_StdPeriph_Driver\src\stm32f0xx_rtc.o
RTC_GetStoreOperation                             Libraries\STM32F0xx_StdPeriph_Driver\src\stm32f0xx_rtc.o
RTC_GetSubSecond                                  Libraries\STM32F0xx_StdPeriph_Driver\src\stm32f0xx_rtc.o
RTC_GetTime                                       Libraries\STM32F0xx_StdPeriph_Driver\src\stm32f0xx_rtc.o
RTC_GetTimeStamp                                  Libraries\STM32F0xx_StdPeriph_Driver\src\stm32f0xx_rtc.o
RTC_GetTimeStampSubSecond                         Libraries\STM32F0xx_StdPeriph_Driver\src\stm32f0xx_rtc.o
RTC_IRQHandler                                    src\startup_stm32f0xx.o
RTC_ITConfig                                      Libraries\STM32F0xx_StdPeriph_Driver\src\stm32f0xx_rtc.o
RTC_Init                                          Libraries\STM32F0xx_StdPeriph_Driver\src\stm32f0xx_rtc.o
RTC_OutputConfig                                  Libraries\STM32F0xx_StdPeriph_Driver\src\stm32f0xx_rtc.o
RTC_OutputTypeConfig                              Libraries\STM32F0xx_StdPeriph_Driver\src\stm32f0xx_rtc.o
RTC_ReadBackupRegister                            Libraries\STM32F0xx_StdPeriph_Driver\src\stm32f0xx_rtc.o
RTC_RefClockCmd                                   Libraries\STM32F0xx_StdPeriph_Driver\src\stm32f0xx_rtc.o
RTC_SetAlarm                                      Libraries\STM32F0xx_StdPeriph_Driver\src\stm32f0xx_rtc.o
RTC_SetDate                                       Libraries\STM32F0xx_StdPeriph_Driver\src\stm32f0xx_rtc.o
RTC_SetTime                                       Libraries\STM32F0xx_StdPeriph_Driver\src\stm32f0xx_rtc.o
RTC_SmoothCalibConfig                             Libraries\STM32F0xx_StdPeriph_Driver\src\stm32f0xx_rtc.o
RTC_StructInit                                    Libraries\STM32F0xx_StdPeriph_Driver\src\stm32f0xx_rtc.o
RTC_SynchroShiftConfig                            Libraries\STM32F0xx_StdPeriph_Driver\src\stm32f0xx_rtc.o
RTC_TamperCmd                                     Libraries\STM32F0xx_StdPeriph_Driver\src\stm32f0xx_rtc.o
RTC_TamperFilterConfig                            Libraries\STM32F0xx_StdPeriph_Driver\src\stm32f0xx_rtc.o
RTC_TamperPinsPrechargeDuration                   Libraries\STM32F0xx_StdPeriph_Driver\src\stm32f0xx_rtc.o
RTC_TamperPullUpCmd                               Libraries\STM32F0xx_StdPeriph_Driver\src\stm32f0xx_rtc.o
RTC_TamperSamplingFreqConfig                      Libraries\STM32F0xx_StdPeriph_Driver\src\stm32f0xx_rtc.o
RTC_TamperTriggerConfig                           Libraries\STM32F0xx_StdPeriph_Driver\src\stm32f0xx_rtc.o
RTC_TimeStampCmd                                  Libraries\STM32F0xx_StdPeriph_Driver\src\stm32f0xx_rtc.o
RTC_TimeStampOnTamperDetectionCmd                 Libraries\STM32F0xx_StdPeriph_Driver\src\stm32f0xx_rtc.o
RTC_TimeStructInit                                Libraries\STM32F0xx_StdPeriph_Driver\src\stm32f0xx_rtc.o
RTC_WaitForSynchro                                Libraries\STM32F0xx_StdPeriph_Driver\src\stm32f0xx_rtc.o
RTC_WriteBackupRegister                           Libraries\STM32F0xx_StdPeriph_Driver\src\stm32f0xx_rtc.o
RTC_WriteProtectionCmd                            Libraries\STM32F0xx_StdPeriph_Driver\src\stm32f0xx_rtc.o
Reset_Handler                                     src\startup_stm32f0xx.o
SPI1_IRQHandler                                   src\startup_stm32f0xx.o
SPI2_IRQHandler                                   src\startup_stm32f0xx.o
SPI_BiDirectionalLineConfig                       Libraries\STM32F0xx_StdPeriph_Driver\src\stm32f0xx_spi.o
SPI_CRCLengthConfig                               Libraries\STM32F0xx_StdPeriph_Driver\src\stm32f0xx_spi.o
SPI_CalculateCRC                                  Libraries\STM32F0xx_StdPeriph_Driver\src\stm32f0xx_spi.o
SPI_Cmd                                           Libraries\STM32F0xx_StdPeriph_Driver\src\stm32f0xx_spi.o
SPI_DataSizeConfig                                Libraries\STM32F0xx_StdPeriph_Driver\src\stm32f0xx_spi.o
SPI_GetCRC                                        Libraries\STM32F0xx_StdPeriph_Driver\src\stm32f0xx_spi.o
SPI_GetCRCPolynomial                              Libraries\STM32F0xx_StdPeriph_Driver\src\stm32f0xx_spi.o
SPI_GetReceptionFIFOStatus                        Libraries\STM32F0xx_StdPeriph_Driver\src\stm32f0xx_spi.o
SPI_GetTransmissionFIFOStatus                     Libraries\STM32F0xx_StdPeriph_Driver\src\stm32f0xx_spi.o
SPI_I2S_ClearFlag                                 Libraries\STM32F0xx_StdPeriph_Driver\src\stm32f0xx_spi.o
SPI_I2S_DMACmd                                    Libraries\STM32F0xx_StdPeriph_Driver\src\stm32f0xx_spi.o
SPI_I2S_DeInit                                    Libraries\STM32F0xx_StdPeriph_Driver\src\stm32f0xx_spi.o
SPI_I2S_GetFlagStatus                             Libraries\STM32F0xx_StdPeriph_Driver\src\stm32f0xx_spi.o
SPI_I2S_GetITStatus                               Libraries\STM32F0xx_StdPeriph_Driver\src\stm32f0xx_spi.o
SPI_I2S_ITConfig                                  Libraries\STM32F0xx_StdPeriph_Driver\src\stm32f0xx_spi.o
SPI_I2S_ReceiveData16                             Libraries\STM32F0xx_StdPeriph_Driver\src\stm32f0xx_spi.o
SPI_I2S_SendData16                                Libraries\STM32F0xx_StdPeriph_Driver\src\stm32f0xx_spi.o
SPI_Init                                          Libraries\STM32F0xx_StdPeriph_Driver\src\stm32f0xx_spi.o
SPI_LastDMATransferCmd                            Libraries\STM32F0xx_StdPeriph_Driver\src\stm32f0xx_spi.o
SPI_NSSInternalSoftwareConfig                     Libraries\STM32F0xx_StdPeriph_Driver\src\stm32f0xx_spi.o
SPI_NSSPulseModeCmd                               Libraries\STM32F0xx_StdPeriph_Driver\src\stm32f0xx_spi.o
SPI_ReceiveData8                                  Libraries\STM32F0xx_StdPeriph_Driver\src\stm32f0xx_spi.o
SPI_RxFIFOThresholdConfig                         Libraries\STM32F0xx_StdPeriph_Driver\src\stm32f0xx_spi.o
SPI_SSOutputCmd                                   Libraries\STM32F0xx_StdPeriph_Driver\src\stm32f0xx_spi.o
SPI_SendData8                                     Libraries\STM32F0xx_StdPeriph_Driver\src\stm32f0xx_spi.o
SPI_StructInit                                    Libraries\STM32F0xx_StdPeriph_Driver\src\stm32f0xx_spi.o
SPI_TIModeCmd                                     Libraries\STM32F0xx_StdPeriph_Driver\src\stm32f0xx_spi.o
SPI_TransmitCRC                                   Libraries\STM32F0xx_StdPeriph_Driver\src\stm32f0xx_spi.o
SVC_Handler                                       src\startup_stm32f0xx.o
SYSCFG_BreakConfig                                Libraries\STM32F0xx_StdPeriph_Driver\src\stm32f0xx_syscfg.o
SYSCFG_ClearFlag                                  Libraries\STM32F0xx_StdPeriph_Driver\src\stm32f0xx_syscfg.o
SYSCFG_DMAChannelRemapConfig                      Libraries\STM32F0xx_StdPeriph_Driver\src\stm32f0xx_syscfg.o
SYSCFG_DeInit                                     Libraries\STM32F0xx_StdPeriph_Driver\src\stm32f0xx_syscfg.o
SYSCFG_EXTILineConfig                             Libraries\STM32F0xx_StdPeriph_Driver\src\stm32f0xx_syscfg.o
SYSCFG_GetFlagStatus                              Libraries\STM32F0xx_StdPeriph_Driver\src\stm32f0xx_syscfg.o
SYSCFG_I2CFastModePlusConfig                      Libraries\STM32F0xx_StdPeriph_Driver\src\stm32f0xx_syscfg.o
SYSCFG_MemoryRemapConfig                          Libraries\STM32F0xx_StdPeriph_Driver\src\stm32f0xx_syscfg.o
Seconds                                           src\delay.o
SysTick_CLKSourceConfig                           Libraries\STM32F0xx_StdPeriph_Driver\src\stm32f0xx_misc.o
SysTick_Handler                                   src\delay.o
SystemCoreClock                                   src\system_stm32f0xx.o
                                                  src\delay.o
SystemCoreClockUpdate                             src\system_stm32f0xx.o
                                                  src\delay.o
SystemInit                                        src\system_stm32f0xx.o
                                                  src\startup_stm32f0xx.o
                                                  src\delay.o
TIM14_IRQHandler                                  src\startup_stm32f0xx.o
TIM15_IRQHandler                                  src\startup_stm32f0xx.o
TIM16_IRQHandler                                  src\startup_stm32f0xx.o
TIM17_IRQHandler                                  src\startup_stm32f0xx.o
TIM1_BRK_UP_TRG_COM_IRQHandler                    src\startup_stm32f0xx.o
TIM1_CC_IRQHandler                                src\startup_stm32f0xx.o
TIM2_IRQHandler                                   src\startup_stm32f0xx.o
TIM3_IRQHandler                                   src\startup_stm32f0xx.o
TIM6_DAC_IRQHandler                               src\startup_stm32f0xx.o
TIM_ARRPreloadConfig                              Libraries\STM32F0xx_StdPeriph_Driver\src\stm32f0xx_tim.o
TIM_BDTRConfig                                    Libraries\STM32F0xx_StdPeriph_Driver\src\stm32f0xx_tim.o
TIM_BDTRStructInit                                Libraries\STM32F0xx_StdPeriph_Driver\src\stm32f0xx_tim.o
TIM_CCPreloadControl                              Libraries\STM32F0xx_StdPeriph_Driver\src\stm32f0xx_tim.o
TIM_CCxCmd                                        Libraries\STM32F0xx_StdPeriph_Driver\src\stm32f0xx_tim.o
TIM_CCxNCmd                                       Libraries\STM32F0xx_StdPeriph_Driver\src\stm32f0xx_tim.o
TIM_ClearFlag                                     Libraries\STM32F0xx_StdPeriph_Driver\src\stm32f0xx_tim.o
TIM_ClearITPendingBit                             Libraries\STM32F0xx_StdPeriph_Driver\src\stm32f0xx_tim.o
TIM_ClearOC1Ref                                   Libraries\STM32F0xx_StdPeriph_Driver\src\stm32f0xx_tim.o
TIM_ClearOC2Ref                                   Libraries\STM32F0xx_StdPeriph_Driver\src\stm32f0xx_tim.o
TIM_ClearOC3Ref                                   Libraries\STM32F0xx_StdPeriph_Driver\src\stm32f0xx_tim.o
TIM_ClearOC4Ref                                   Libraries\STM32F0xx_StdPeriph_Driver\src\stm32f0xx_tim.o
TIM_Cmd                                           Libraries\STM32F0xx_StdPeriph_Driver\src\stm32f0xx_tim.o
TIM_CounterModeConfig                             Libraries\STM32F0xx_StdPeriph_Driver\src\stm32f0xx_tim.o
TIM_CtrlPWMOutputs                                Libraries\STM32F0xx_StdPeriph_Driver\src\stm32f0xx_tim.o
TIM_DMACmd                                        Libraries\STM32F0xx_StdPeriph_Driver\src\stm32f0xx_tim.o
TIM_DMAConfig                                     Libraries\STM32F0xx_StdPeriph_Driver\src\stm32f0xx_tim.o
TIM_DeInit                                        Libraries\STM32F0xx_StdPeriph_Driver\src\stm32f0xx_tim.o
TIM_ETRClockMode1Config                           Libraries\STM32F0xx_StdPeriph_Driver\src\stm32f0xx_tim.o
TIM_ETRClockMode2Config                           Libraries\STM32F0xx_StdPeriph_Driver\src\stm32f0xx_tim.o
TIM_ETRConfig                                     Libraries\STM32F0xx_StdPeriph_Driver\src\stm32f0xx_tim.o
TIM_EncoderInterfaceConfig                        Libraries\STM32F0xx_StdPeriph_Driver\src\stm32f0xx_tim.o
TIM_ForcedOC1Config                               Libraries\STM32F0xx_StdPeriph_Driver\src\stm32f0xx_tim.o
TIM_ForcedOC2Config                               Libraries\STM32F0xx_StdPeriph_Driver\src\stm32f0xx_tim.o
TIM_ForcedOC3Config                               Libraries\STM32F0xx_StdPeriph_Driver\src\stm32f0xx_tim.o
TIM_ForcedOC4Config                               Libraries\STM32F0xx_StdPeriph_Driver\src\stm32f0xx_tim.o
TIM_GenerateEvent                                 Libraries\STM32F0xx_StdPeriph_Driver\src\stm32f0xx_tim.o
TIM_GetCapture1                                   Libraries\STM32F0xx_StdPeriph_Driver\src\stm32f0xx_tim.o
TIM_GetCapture2                                   Libraries\STM32F0xx_StdPeriph_Driver\src\stm32f0xx_tim.o
TIM_GetCapture3                                   Libraries\STM32F0xx_StdPeriph_Driver\src\stm32f0xx_tim.o
TIM_GetCapture4                                   Libraries\STM32F0xx_StdPeriph_Driver\src\stm32f0xx_tim.o
TIM_GetCounter                                    Libraries\STM32F0xx_StdPeriph_Driver\src\stm32f0xx_tim.o
TIM_GetFlagStatus                                 Libraries\STM32F0xx_StdPeriph_Driver\src\stm32f0xx_tim.o
TIM_GetITStatus                                   Libraries\STM32F0xx_StdPeriph_Driver\src\stm32f0xx_tim.o
TIM_GetPrescaler                                  Libraries\STM32F0xx_StdPeriph_Driver\src\stm32f0xx_tim.o
TIM_ICInit                                        Libraries\STM32F0xx_StdPeriph_Driver\src\stm32f0xx_tim.o
TIM_ICStructInit                                  Libraries\STM32F0xx_StdPeriph_Driver\src\stm32f0xx_tim.o
TIM_ITConfig                                      Libraries\STM32F0xx_StdPeriph_Driver\src\stm32f0xx_tim.o
TIM_ITRxExternalClockConfig                       Libraries\STM32F0xx_StdPeriph_Driver\src\stm32f0xx_tim.o
TIM_InternalClockConfig                           Libraries\STM32F0xx_StdPeriph_Driver\src\stm32f0xx_tim.o
TIM_OC1FastConfig                                 Libraries\STM32F0xx_StdPeriph_Driver\src\stm32f0xx_tim.o
TIM_OC1Init                                       Libraries\STM32F0xx_StdPeriph_Driver\src\stm32f0xx_tim.o
TIM_OC1NPolarityConfig                            Libraries\STM32F0xx_StdPeriph_Driver\src\stm32f0xx_tim.o
TIM_OC1PolarityConfig                             Libraries\STM32F0xx_StdPeriph_Driver\src\stm32f0xx_tim.o
TIM_OC1PreloadConfig                              Libraries\STM32F0xx_StdPeriph_Driver\src\stm32f0xx_tim.o
TIM_OC2FastConfig                                 Libraries\STM32F0xx_StdPeriph_Driver\src\stm32f0xx_tim.o
TIM_OC2Init                                       Libraries\STM32F0xx_StdPeriph_Driver\src\stm32f0xx_tim.o
TIM_OC2NPolarityConfig                            Libraries\STM32F0xx_StdPeriph_Driver\src\stm32f0xx_tim.o
TIM_OC2PolarityConfig                             Libraries\STM32F0xx_StdPeriph_Driver\src\stm32f0xx_tim.o
TIM_OC2PreloadConfig                              Libraries\STM32F0xx_StdPeriph_Driver\src\stm32f0xx_tim.o
TIM_OC3FastConfig                                 Libraries\STM32F0xx_StdPeriph_Driver\src\stm32f0xx_tim.o
TIM_OC3Init                                       Libraries\STM32F0xx_StdPeriph_Driver\src\stm32f0xx_tim.o
TIM_OC3NPolarityConfig                            Libraries\STM32F0xx_StdPeriph_Driver\src\stm32f0xx_tim.o
TIM_OC3PolarityConfig                             Libraries\STM32F0xx_StdPeriph_Driver\src\stm32f0xx_tim.o
TIM_OC3PreloadConfig                              Libraries\STM32F0xx_StdPeriph_Driver\src\stm32f0xx_tim.o
TIM_OC4FastConfig                                 Libraries\STM32F0xx_StdPeriph_Driver\src\stm32f0xx_tim.o
TIM_OC4Init                                       Libraries\STM32F0xx_StdPeriph_Driver\src\stm32f0xx_tim.o
TIM_OC4PolarityConfig                             Libraries\STM32F0xx_StdPeriph_Driver\src\stm32f0xx_tim.o
TIM_OC4PreloadConfig                              Libraries\STM32F0xx_StdPeriph_Driver\src\stm32f0xx_tim.o
TIM_OCStructInit                                  Libraries\STM32F0xx_StdPeriph_Driver\src\stm32f0xx_tim.o
TIM_PWMIConfig                                    Libraries\STM32F0xx_StdPeriph_Driver\src\stm32f0xx_tim.o
TIM_PrescalerConfig                               Libraries\STM32F0xx_StdPeriph_Driver\src\stm32f0xx_tim.o
TIM_RemapConfig                                   Libraries\STM32F0xx_StdPeriph_Driver\src\stm32f0xx_tim.o
TIM_SelectCCDMA                                   Libraries\STM32F0xx_StdPeriph_Driver\src\stm32f0xx_tim.o
TIM_SelectCOM                                     Libraries\STM32F0xx_StdPeriph_Driver\src\stm32f0xx_tim.o
TIM_SelectHallSensor                              Libraries\STM32F0xx_StdPeriph_Driver\src\stm32f0xx_tim.o
TIM_SelectInputTrigger                            Libraries\STM32F0xx_StdPeriph_Driver\src\stm32f0xx_tim.o
TIM_SelectMasterSlaveMode                         Libraries\STM32F0xx_StdPeriph_Driver\src\stm32f0xx_tim.o
TIM_SelectOCREFClear                              Libraries\STM32F0xx_StdPeriph_Driver\src\stm32f0xx_tim.o
TIM_SelectOCxM                                    Libraries\STM32F0xx_StdPeriph_Driver\src\stm32f0xx_tim.o
TIM_SelectOnePulseMode                            Libraries\STM32F0xx_StdPeriph_Driver\src\stm32f0xx_tim.o
TIM_SelectOutputTrigger                           Libraries\STM32F0xx_StdPeriph_Driver\src\stm32f0xx_tim.o
TIM_SelectSlaveMode                               Libraries\STM32F0xx_StdPeriph_Driver\src\stm32f0xx_tim.o
TIM_SetAutoreload                                 Libraries\STM32F0xx_StdPeriph_Driver\src\stm32f0xx_tim.o
TIM_SetClockDivision                              Libraries\STM32F0xx_StdPeriph_Driver\src\stm32f0xx_tim.o
TIM_SetCompare1                                   Libraries\STM32F0xx_StdPeriph_Driver\src\stm32f0xx_tim.o
TIM_SetCompare2                                   Libraries\STM32F0xx_StdPeriph_Driver\src\stm32f0xx_tim.o
TIM_SetCompare3                                   Libraries\STM32F0xx_StdPeriph_Driver\src\stm32f0xx_tim.o
TIM_SetCompare4                                   Libraries\STM32F0xx_StdPeriph_Driver\src\stm32f0xx_tim.o
TIM_SetCounter                                    Libraries\STM32F0xx_StdPeriph_Driver\src\stm32f0xx_tim.o
TIM_SetIC1Prescaler                               Libraries\STM32F0xx_StdPeriph_Driver\src\stm32f0xx_tim.o
TIM_SetIC2Prescaler                               Libraries\STM32F0xx_StdPeriph_Driver\src\stm32f0xx_tim.o
TIM_SetIC3Prescaler                               Libraries\STM32F0xx_StdPeriph_Driver\src\stm32f0xx_tim.o
TIM_SetIC4Prescaler                               Libraries\STM32F0xx_StdPeriph_Driver\src\stm32f0xx_tim.o
TIM_TIxExternalClockConfig                        Libraries\STM32F0xx_StdPeriph_Driver\src\stm32f0xx_tim.o
TIM_TimeBaseInit                                  Libraries\STM32F0xx_StdPeriph_Driver\src\stm32f0xx_tim.o
TIM_TimeBaseStructInit                            Libraries\STM32F0xx_StdPeriph_Driver\src\stm32f0xx_tim.o
TIM_UpdateDisableConfig                           Libraries\STM32F0xx_StdPeriph_Driver\src\stm32f0xx_tim.o
TIM_UpdateRequestConfig                           Libraries\STM32F0xx_StdPeriph_Driver\src\stm32f0xx_tim.o
TS_IRQHandler                                     src\startup_stm32f0xx.o
USART1_IRQHandler                                 src\startup_stm32f0xx.o
USART2_IRQHandler                                 src\startup_stm32f0xx.o
USART_AddressDetectionConfig                      Libraries\STM32F0xx_StdPeriph_Driver\src\stm32f0xx_usart.o
USART_AutoBaudRateCmd                             Libraries\STM32F0xx_StdPeriph_Driver\src\stm32f0xx_usart.o
USART_AutoBaudRateConfig                          Libraries\STM32F0xx_StdPeriph_Driver\src\stm32f0xx_usart.o
USART_ClearFlag                                   Libraries\STM32F0xx_StdPeriph_Driver\src\stm32f0xx_usart.o
USART_ClearITPendingBit                           Libraries\STM32F0xx_StdPeriph_Driver\src\stm32f0xx_usart.o
USART_ClockInit                                   Libraries\STM32F0xx_StdPeriph_Driver\src\stm32f0xx_usart.o
USART_ClockStructInit                             Libraries\STM32F0xx_StdPeriph_Driver\src\stm32f0xx_usart.o
USART_Cmd                                         Libraries\STM32F0xx_StdPeriph_Driver\src\stm32f0xx_usart.o
USART_DECmd                                       Libraries\STM32F0xx_StdPeriph_Driver\src\stm32f0xx_usart.o
USART_DEPolarityConfig                            Libraries\STM32F0xx_StdPeriph_Driver\src\stm32f0xx_usart.o
USART_DMACmd                                      Libraries\STM32F0xx_StdPeriph_Driver\src\stm32f0xx_usart.o
USART_DMAReceptionErrorConfig                     Libraries\STM32F0xx_StdPeriph_Driver\src\stm32f0xx_usart.o
USART_DataInvCmd                                  Libraries\STM32F0xx_StdPeriph_Driver\src\stm32f0xx_usart.o
USART_DeInit                                      Libraries\STM32F0xx_StdPeriph_Driver\src\stm32f0xx_usart.o
USART_DirectionModeCmd                            Libraries\STM32F0xx_StdPeriph_Driver\src\stm32f0xx_usart.o
USART_GetFlagStatus                               Libraries\STM32F0xx_StdPeriph_Driver\src\stm32f0xx_usart.o
USART_GetITStatus                                 Libraries\STM32F0xx_StdPeriph_Driver\src\stm32f0xx_usart.o
USART_HalfDuplexCmd                               Libraries\STM32F0xx_StdPeriph_Driver\src\stm32f0xx_usart.o
USART_ITConfig                                    Libraries\STM32F0xx_StdPeriph_Driver\src\stm32f0xx_usart.o
USART_Init                                        Libraries\STM32F0xx_StdPeriph_Driver\src\stm32f0xx_usart.o
USART_InvPinCmd                                   Libraries\STM32F0xx_StdPeriph_Driver\src\stm32f0xx_usart.o
USART_IrDACmd                                     Libraries\STM32F0xx_StdPeriph_Driver\src\stm32f0xx_usart.o
USART_IrDAConfig                                  Libraries\STM32F0xx_StdPeriph_Driver\src\stm32f0xx_usart.o
USART_LINBreakDetectLengthConfig                  Libraries\STM32F0xx_StdPeriph_Driver\src\stm32f0xx_usart.o
USART_LINCmd                                      Libraries\STM32F0xx_StdPeriph_Driver\src\stm32f0xx_usart.o
USART_MSBFirstCmd                                 Libraries\STM32F0xx_StdPeriph_Driver\src\stm32f0xx_usart.o
USART_MuteModeCmd                                 Libraries\STM32F0xx_StdPeriph_Driver\src\stm32f0xx_usart.o
USART_MuteModeWakeUpConfig                        Libraries\STM32F0xx_StdPeriph_Driver\src\stm32f0xx_usart.o
USART_OneBitMethodCmd                             Libraries\STM32F0xx_StdPeriph_Driver\src\stm32f0xx_usart.o
USART_OverSampling8Cmd                            Libraries\STM32F0xx_StdPeriph_Driver\src\stm32f0xx_usart.o
USART_OverrunDetectionConfig                      Libraries\STM32F0xx_StdPeriph_Driver\src\stm32f0xx_usart.o
USART_ReceiveData                                 Libraries\STM32F0xx_StdPeriph_Driver\src\stm32f0xx_usart.o
USART_ReceiverTimeOutCmd                          Libraries\STM32F0xx_StdPeriph_Driver\src\stm32f0xx_usart.o
USART_RequestCmd                                  Libraries\STM32F0xx_StdPeriph_Driver\src\stm32f0xx_usart.o
USART_STOPModeCmd                                 Libraries\STM32F0xx_StdPeriph_Driver\src\stm32f0xx_usart.o
USART_SWAPPinCmd                                  Libraries\STM32F0xx_StdPeriph_Driver\src\stm32f0xx_usart.o
USART_SendData                                    Libraries\STM32F0xx_StdPeriph_Driver\src\stm32f0xx_usart.o
USART_SetAddress                                  Libraries\STM32F0xx_StdPeriph_Driver\src\stm32f0xx_usart.o
USART_SetAutoRetryCount                           Libraries\STM32F0xx_StdPeriph_Driver\src\stm32f0xx_usart.o
USART_SetBlockLength                              Libraries\STM32F0xx_StdPeriph_Driver\src\stm32f0xx_usart.o
USART_SetDEAssertionTime                          Libraries\STM32F0xx_StdPeriph_Driver\src\stm32f0xx_usart.o
USART_SetDEDeassertionTime                        Libraries\STM32F0xx_StdPeriph_Driver\src\stm32f0xx_usart.o
USART_SetGuardTime                                Libraries\STM32F0xx_StdPeriph_Driver\src\stm32f0xx_usart.o
USART_SetPrescaler                                Libraries\STM32F0xx_StdPeriph_Driver\src\stm32f0xx_usart.o
USART_SetReceiverTimeOut                          Libraries\STM32F0xx_StdPeriph_Driver\src\stm32f0xx_usart.o
USART_SmartCardCmd                                Libraries\STM32F0xx_StdPeriph_Driver\src\stm32f0xx_usart.o
USART_SmartCardNACKCmd                            Libraries\STM32F0xx_StdPeriph_Driver\src\stm32f0xx_usart.o
USART_StopModeWakeUpSourceConfig                  Libraries\STM32F0xx_StdPeriph_Driver\src\stm32f0xx_usart.o
USART_StructInit                                  Libraries\STM32F0xx_StdPeriph_Driver\src\stm32f0xx_usart.o
WWDG_ClearFlag                                    Libraries\STM32F0xx_StdPeriph_Driver\src\stm32f0xx_wwdg.o
WWDG_DeInit                                       Libraries\STM32F0xx_StdPeriph_Driver\src\stm32f0xx_wwdg.o
WWDG_Enable                                       Libraries\STM32F0xx_StdPeriph_Driver\src\stm32f0xx_wwdg.o
WWDG_EnableIT                                     Libraries\STM32F0xx_StdPeriph_Driver\src\stm32f0xx_wwdg.o
WWDG_GetFlagStatus                                Libraries\STM32F0xx_StdPeriph_Driver\src\stm32f0xx_wwdg.o
WWDG_IRQHandler                                   src\startup_stm32f0xx.o
WWDG_SetCounter                                   Libraries\STM32F0xx_StdPeriph_Driver\src\stm32f0xx_wwdg.o
WWDG_SetPrescaler                                 Libraries\STM32F0xx_StdPeriph_Driver\src\stm32f0xx_wwdg.o
WWDG_SetWindowValue                               Libraries\STM32F0xx_StdPeriph_Driver\src\stm32f0xx_wwdg.o
__aeabi_cdcmpeq                                   c:/program files (x86)/atollic/truestudio for stm32 9.1.0/armtools/bin/../lib/gcc/arm-atollic-eabi/6.3.1/armv6-m\libgcc.a(_arm_cmpdf2.o)
__aeabi_cdcmple                                   c:/program files (x86)/atollic/truestudio for stm32 9.1.0/armtools/bin/../lib/gcc/arm-atollic-eabi/6.3.1/armv6-m\libgcc.a(_arm_cmpdf2.o)
__aeabi_cdrcmple                                  c:/program files (x86)/atollic/truestudio for stm32 9.1.0/armtools/bin/../lib/gcc/arm-atollic-eabi/6.3.1/armv6-m\libgcc.a(_arm_cmpdf2.o)
__aeabi_d2iz                                      c:/program files (x86)/atollic/truestudio for stm32 9.1.0/armtools/bin/../lib/gcc/arm-atollic-eabi/6.3.1/armv6-m\libgcc.a(fixdfsi.o)
                                                  c:/program files (x86)/atollic/truestudio for stm32 9.1.0/armtools/bin/../lib/gcc/arm-atollic-eabi/6.3.1/armv6-m\libgcc.a(_fixunsdfsi.o)
__aeabi_d2uiz                                     c:/program files (x86)/atollic/truestudio for stm32 9.1.0/armtools/bin/../lib/gcc/arm-atollic-eabi/6.3.1/armv6-m\libgcc.a(_fixunsdfsi.o)
                                                  src\delay.o
__aeabi_dcmpeq                                    c:/program files (x86)/atollic/truestudio for stm32 9.1.0/armtools/bin/../lib/gcc/arm-atollic-eabi/6.3.1/armv6-m\libgcc.a(_arm_cmpdf2.o)
__aeabi_dcmpge                                    c:/program files (x86)/atollic/truestudio for stm32 9.1.0/armtools/bin/../lib/gcc/arm-atollic-eabi/6.3.1/armv6-m\libgcc.a(_arm_cmpdf2.o)
                                                  c:/program files (x86)/atollic/truestudio for stm32 9.1.0/armtools/bin/../lib/gcc/arm-atollic-eabi/6.3.1/armv6-m\libgcc.a(_fixunsdfsi.o)
__aeabi_dcmpgt                                    c:/program files (x86)/atollic/truestudio for stm32 9.1.0/armtools/bin/../lib/gcc/arm-atollic-eabi/6.3.1/armv6-m\libgcc.a(_arm_cmpdf2.o)
__aeabi_dcmple                                    c:/program files (x86)/atollic/truestudio for stm32 9.1.0/armtools/bin/../lib/gcc/arm-atollic-eabi/6.3.1/armv6-m\libgcc.a(_arm_cmpdf2.o)
__aeabi_dcmplt                                    c:/program files (x86)/atollic/truestudio for stm32 9.1.0/armtools/bin/../lib/gcc/arm-atollic-eabi/6.3.1/armv6-m\libgcc.a(_arm_cmpdf2.o)
__aeabi_ddiv                                      c:/program files (x86)/atollic/truestudio for stm32 9.1.0/armtools/bin/../lib/gcc/arm-atollic-eabi/6.3.1/armv6-m\libgcc.a(divdf3.o)
                                                  src\delay.o
__aeabi_dsub                                      c:/program files (x86)/atollic/truestudio for stm32 9.1.0/armtools/bin/../lib/gcc/arm-atollic-eabi/6.3.1/armv6-m\libgcc.a(subdf3.o)
                                                  c:/program files (x86)/atollic/truestudio for stm32 9.1.0/armtools/bin/../lib/gcc/arm-atollic-eabi/6.3.1/armv6-m\libgcc.a(_fixunsdfsi.o)
__aeabi_idiv0                                     c:/program files (x86)/atollic/truestudio for stm32 9.1.0/armtools/bin/../lib/gcc/arm-atollic-eabi/6.3.1/armv6-m\libgcc.a(_dvmd_tls.o)
                                                  c:/program files (x86)/atollic/truestudio for stm32 9.1.0/armtools/bin/../lib/gcc/arm-atollic-eabi/6.3.1/armv6-m\libgcc.a(_udivsi3.o)
__aeabi_ldiv0                                     c:/program files (x86)/atollic/truestudio for stm32 9.1.0/armtools/bin/../lib/gcc/arm-atollic-eabi/6.3.1/armv6-m\libgcc.a(_dvmd_tls.o)
__aeabi_ui2d                                      c:/program files (x86)/atollic/truestudio for stm32 9.1.0/armtools/bin/../lib/gcc/arm-atollic-eabi/6.3.1/armv6-m\libgcc.a(floatunsidf.o)
                                                  src\delay.o
__aeabi_uidiv                                     c:/program files (x86)/atollic/truestudio for stm32 9.1.0/armtools/bin/../lib/gcc/arm-atollic-eabi/6.3.1/armv6-m\libgcc.a(_udivsi3.o)
                                                  c:/program files (x86)/atollic/truestudio for stm32 9.1.0/armtools/bin/../lib/gcc/arm-atollic-eabi/6.3.1/armv6-m\libgcc.a(divdf3.o)
                                                  src\system_stm32f0xx.o
                                                  Libraries\STM32F0xx_StdPeriph_Driver\src\stm32f0xx_usart.o
                                                  Libraries\STM32F0xx_StdPeriph_Driver\src\stm32f0xx_spi.o
                                                  Libraries\STM32F0xx_StdPeriph_Driver\src\stm32f0xx_rcc.o
__aeabi_uidivmod                                  c:/program files (x86)/atollic/truestudio for stm32 9.1.0/armtools/bin/../lib/gcc/arm-atollic-eabi/6.3.1/armv6-m\libgcc.a(_udivsi3.o)
                                                  c:/program files (x86)/atollic/truestudio for stm32 9.1.0/armtools/bin/../lib/gcc/arm-atollic-eabi/6.3.1/armv6-m\libgcc.a(divdf3.o)
                                                  src\delay.o
                                                  Libraries\STM32F0xx_StdPeriph_Driver\src\stm32f0xx_usart.o
__clzsi2                                          c:/program files (x86)/atollic/truestudio for stm32 9.1.0/armtools/bin/../lib/gcc/arm-atollic-eabi/6.3.1/armv6-m\libgcc.a(_clzsi2.o)
                                                  c:/program files (x86)/atollic/truestudio for stm32 9.1.0/armtools/bin/../lib/gcc/arm-atollic-eabi/6.3.1/armv6-m\libgcc.a(floatunsidf.o)
                                                  c:/program files (x86)/atollic/truestudio for stm32 9.1.0/armtools/bin/../lib/gcc/arm-atollic-eabi/6.3.1/armv6-m\libgcc.a(subdf3.o)
                                                  c:/program files (x86)/atollic/truestudio for stm32 9.1.0/armtools/bin/../lib/gcc/arm-atollic-eabi/6.3.1/armv6-m\libgcc.a(divdf3.o)
__deregister_frame_info                           c:/program files (x86)/atollic/truestudio for stm32 9.1.0/armtools/bin/../lib/gcc/arm-atollic-eabi/6.3.1/armv6-m/crtbegin.o
__dso_handle                                      c:/program files (x86)/atollic/truestudio for stm32 9.1.0/armtools/bin/../lib/gcc/arm-atollic-eabi/6.3.1/armv6-m/crtbegin.o
__eqdf2                                           c:/program files (x86)/atollic/truestudio for stm32 9.1.0/armtools/bin/../lib/gcc/arm-atollic-eabi/6.3.1/armv6-m\libgcc.a(eqdf2.o)
                                                  c:/program files (x86)/atollic/truestudio for stm32 9.1.0/armtools/bin/../lib/gcc/arm-atollic-eabi/6.3.1/armv6-m\libgcc.a(_arm_cmpdf2.o)
__fixunsdfsi                                      c:/program files (x86)/atollic/truestudio for stm32 9.1.0/armtools/bin/../lib/gcc/arm-atollic-eabi/6.3.1/armv6-m\libgcc.a(_fixunsdfsi.o)
__gedf2                                           c:/program files (x86)/atollic/truestudio for stm32 9.1.0/armtools/bin/../lib/gcc/arm-atollic-eabi/6.3.1/armv6-m\libgcc.a(gedf2.o)
                                                  c:/program files (x86)/atollic/truestudio for stm32 9.1.0/armtools/bin/../lib/gcc/arm-atollic-eabi/6.3.1/armv6-m\libgcc.a(_arm_cmpdf2.o)
__gtdf2                                           c:/program files (x86)/atollic/truestudio for stm32 9.1.0/armtools/bin/../lib/gcc/arm-atollic-eabi/6.3.1/armv6-m\libgcc.a(gedf2.o)
__init_array_end                                  c:/program files (x86)/atollic/truestudio for stm32 9.1.0/armtools/bin/../lib/gcc/arm-atollic-eabi/6.3.1/../../../../arm-atollic-eabi/lib/armv6-m\libc_nano.a(lib_a-init.o)
__init_array_start                                c:/program files (x86)/atollic/truestudio for stm32 9.1.0/armtools/bin/../lib/gcc/arm-atollic-eabi/6.3.1/../../../../arm-atollic-eabi/lib/armv6-m\libc_nano.a(lib_a-init.o)
__ledf2                                           c:/program files (x86)/atollic/truestudio for stm32 9.1.0/armtools/bin/../lib/gcc/arm-atollic-eabi/6.3.1/armv6-m\libgcc.a(ledf2.o)
                                                  c:/program files (x86)/atollic/truestudio for stm32 9.1.0/armtools/bin/../lib/gcc/arm-atollic-eabi/6.3.1/armv6-m\libgcc.a(_arm_cmpdf2.o)
__libc_init_array                                 c:/program files (x86)/atollic/truestudio for stm32 9.1.0/armtools/bin/../lib/gcc/arm-atollic-eabi/6.3.1/../../../../arm-atollic-eabi/lib/armv6-m\libc_nano.a(lib_a-init.o)
                                                  src\startup_stm32f0xx.o
__ltdf2                                           c:/program files (x86)/atollic/truestudio for stm32 9.1.0/armtools/bin/../lib/gcc/arm-atollic-eabi/6.3.1/armv6-m\libgcc.a(ledf2.o)
__nedf2                                           c:/program files (x86)/atollic/truestudio for stm32 9.1.0/armtools/bin/../lib/gcc/arm-atollic-eabi/6.3.1/armv6-m\libgcc.a(eqdf2.o)
__preinit_array_end                               c:/program files (x86)/atollic/truestudio for stm32 9.1.0/armtools/bin/../lib/gcc/arm-atollic-eabi/6.3.1/../../../../arm-atollic-eabi/lib/armv6-m\libc_nano.a(lib_a-init.o)
__preinit_array_start                             c:/program files (x86)/atollic/truestudio for stm32 9.1.0/armtools/bin/../lib/gcc/arm-atollic-eabi/6.3.1/../../../../arm-atollic-eabi/lib/armv6-m\libc_nano.a(lib_a-init.o)
__register_frame_info                             c:/program files (x86)/atollic/truestudio for stm32 9.1.0/armtools/bin/../lib/gcc/arm-atollic-eabi/6.3.1/armv6-m/crtbegin.o
__udivsi3                                         c:/program files (x86)/atollic/truestudio for stm32 9.1.0/armtools/bin/../lib/gcc/arm-atollic-eabi/6.3.1/armv6-m\libgcc.a(_udivsi3.o)
_ebss                                             src\startup_stm32f0xx.o
_edata                                            src\startup_stm32f0xx.o
_estack                                           src\startup_stm32f0xx.o
_fini                                             c:/program files (x86)/atollic/truestudio for stm32 9.1.0/armtools/bin/../lib/gcc/arm-atollic-eabi/6.3.1/armv6-m/crti.o
_init                                             c:/program files (x86)/atollic/truestudio for stm32 9.1.0/armtools/bin/../lib/gcc/arm-atollic-eabi/6.3.1/armv6-m/crti.o
                                                  c:/program files (x86)/atollic/truestudio for stm32 9.1.0/armtools/bin/../lib/gcc/arm-atollic-eabi/6.3.1/../../../../arm-atollic-eabi/lib/armv6-m\libc_nano.a(lib_a-init.o)
_sbss                                             src\startup_stm32f0xx.o
_sdata                                            src\startup_stm32f0xx.o
_sidata                                           src\startup_stm32f0xx.o
delay_init                                        src\delay.o
                                                  src\main.o
delay_ms                                          src\delay.o
                                                  src\main.o
delay_s                                           src\delay.o
g_pfnVectors                                      src\startup_stm32f0xx.o
main                                              src\main.o
                                                  src\startup_stm32f0xx.o