stm32f0xx_tim.c:3075:13:TI1_Config	20	static
stm32f0xx_tim.c:3111:13:TI2_Config	20	static
stm32f0xx_tim.c:191:6:TIM_DeInit	8	static
stm32f0xx_tim.c:252:6:TIM_TimeBaseInit	12	static
stm32f0xx_tim.c:302:6:TIM_TimeBaseStructInit	0	static
stm32f0xx_tim.c:322:6:TIM_PrescalerConfig	0	static
stm32f0xx_tim.c:346:6:TIM_CounterModeConfig	0	static
stm32f0xx_tim.c:370:6:TIM_SetCounter	0	static
stm32f0xx_tim.c:385:6:TIM_SetAutoreload	0	static
stm32f0xx_tim.c:400:10:TIM_GetCounter	0	static
stm32f0xx_tim.c:415:10:TIM_GetPrescaler	0	static
stm32f0xx_tim.c:432:6:TIM_UpdateDisableConfig	0	static
stm32f0xx_tim.c:462:6:TIM_UpdateRequestConfig	0	static
stm32f0xx_tim.c:488:6:TIM_ARRPreloadConfig	0	static
stm32f0xx_tim.c:516:6:TIM_SelectOnePulseMode	0	static
stm32f0xx_tim.c:538:6:TIM_SetClockDivision	0	static
stm32f0xx_tim.c:558:6:TIM_Cmd	0	static
stm32f0xx_tim.c:616:6:TIM_BDTRConfig	0	static
stm32f0xx_tim.c:640:6:TIM_BDTRStructInit	0	static
stm32f0xx_tim.c:659:6:TIM_CtrlPWMOutputs	0	static
stm32f0xx_tim.c:731:6:TIM_OC1Init	16	static
stm32f0xx_tim.c:813:6:TIM_OC2Init	16	static
stm32f0xx_tim.c:896:6:TIM_OC3Init	16	static
stm32f0xx_tim.c:976:6:TIM_OC4Init	16	static
stm32f0xx_tim.c:1038:6:TIM_OCStructInit	0	static
stm32f0xx_tim.c:1074:6:TIM_SelectOCxM	12	static
stm32f0xx_tim.c:1119:6:TIM_SetCompare1	0	static
stm32f0xx_tim.c:1134:6:TIM_SetCompare2	0	static
stm32f0xx_tim.c:1149:6:TIM_SetCompare3	0	static
stm32f0xx_tim.c:1164:6:TIM_SetCompare4	0	static
stm32f0xx_tim.c:1182:6:TIM_ForcedOC1Config	0	static
stm32f0xx_tim.c:1206:6:TIM_ForcedOC2Config	0	static
stm32f0xx_tim.c:1232:6:TIM_ForcedOC3Config	0	static
stm32f0xx_tim.c:1258:6:TIM_ForcedOC4Config	0	static
stm32f0xx_tim.c:1281:6:TIM_CCPreloadControl	0	static
stm32f0xx_tim.c:1308:6:TIM_OC1PreloadConfig	0	static
stm32f0xx_tim.c:1333:6:TIM_OC2PreloadConfig	0	static
stm32f0xx_tim.c:1358:6:TIM_OC3PreloadConfig	0	static
stm32f0xx_tim.c:1384:6:TIM_OC4PreloadConfig	0	static
stm32f0xx_tim.c:1410:6:TIM_OC1FastConfig	0	static
stm32f0xx_tim.c:1437:6:TIM_OC2FastConfig	0	static
stm32f0xx_tim.c:1464:6:TIM_OC3FastConfig	0	static
stm32f0xx_tim.c:1491:6:TIM_OC4FastConfig	0	static
stm32f0xx_tim.c:1518:6:TIM_ClearOC1Ref	0	static
stm32f0xx_tim.c:1544:6:TIM_ClearOC2Ref	0	static
stm32f0xx_tim.c:1570:6:TIM_ClearOC3Ref	0	static
stm32f0xx_tim.c:1596:6:TIM_ClearOC4Ref	0	static
stm32f0xx_tim.c:1622:6:TIM_OC1PolarityConfig	0	static
stm32f0xx_tim.c:1647:6:TIM_OC1NPolarityConfig	0	static
stm32f0xx_tim.c:1671:6:TIM_OC2PolarityConfig	0	static
stm32f0xx_tim.c:1696:6:TIM_OC2NPolarityConfig	0	static
stm32f0xx_tim.c:1720:6:TIM_OC3PolarityConfig	0	static
stm32f0xx_tim.c:1745:6:TIM_OC3NPolarityConfig	0	static
stm32f0xx_tim.c:1770:6:TIM_OC4PolarityConfig	0	static
stm32f0xx_tim.c:1795:6:TIM_SelectOCREFClear	0	static
stm32f0xx_tim.c:1819:6:TIM_CCxCmd	8	static
stm32f0xx_tim.c:1848:6:TIM_CCxNCmd	8	static
stm32f0xx_tim.c:1873:6:TIM_SelectCOM	0	static
stm32f0xx_tim.c:2007:6:TIM_ICStructInit	0	static
stm32f0xx_tim.c:2081:10:TIM_GetCapture1	0	static
stm32f0xx_tim.c:2095:10:TIM_GetCapture2	0	static
stm32f0xx_tim.c:2109:10:TIM_GetCapture3	0	static
stm32f0xx_tim.c:2123:10:TIM_GetCapture4	0	static
stm32f0xx_tim.c:2143:6:TIM_SetIC1Prescaler	0	static
stm32f0xx_tim.c:2166:6:TIM_SetIC2Prescaler	0	static
stm32f0xx_tim.c:2026:6:TIM_PWMIConfig	24	static
stm32f0xx_tim.c:2189:6:TIM_SetIC3Prescaler	0	static
stm32f0xx_tim.c:2212:6:TIM_SetIC4Prescaler	0	static
stm32f0xx_tim.c:1949:6:TIM_ICInit	24	static
stm32f0xx_tim.c:2305:6:TIM_GenerateEvent	0	static
stm32f0xx_tim.c:2340:12:TIM_GetFlagStatus	0	static
stm32f0xx_tim.c:2386:6:TIM_ClearFlag	0	static
stm32f0xx_tim.c:2418:10:TIM_GetITStatus	0	static
stm32f0xx_tim.c:2463:6:TIM_ClearITPendingBit	0	static
stm32f0xx_tim.c:2500:6:TIM_DMAConfig	0	static
stm32f0xx_tim.c:2526:6:TIM_DMACmd	0	static
stm32f0xx_tim.c:2264:6:TIM_ITConfig	8	static
stm32f0xx_tim.c:2552:6:TIM_SelectCCDMA	0	static
stm32f0xx_tim.c:2591:6:TIM_InternalClockConfig	0	static
stm32f0xx_tim.c:2610:6:TIM_ITRxExternalClockConfig	0	static
stm32f0xx_tim.c:2637:6:TIM_TIxExternalClockConfig	16	static
stm32f0xx_tim.c:2786:6:TIM_SelectInputTrigger	0	static
stm32f0xx_tim.c:2825:6:TIM_SelectOutputTrigger	0	static
stm32f0xx_tim.c:2849:6:TIM_SelectSlaveMode	0	static
stm32f0xx_tim.c:2871:6:TIM_SelectMasterSlaveMode	0	static
stm32f0xx_tim.c:2901:6:TIM_ETRConfig	8	static
stm32f0xx_tim.c:2677:6:TIM_ETRClockMode1Config	8	static
stm32f0xx_tim.c:2721:6:TIM_ETRClockMode2Config	8	static
stm32f0xx_tim.c:2956:6:TIM_EncoderInterfaceConfig	20	static
stm32f0xx_tim.c:2999:6:TIM_SelectHallSensor	0	static
stm32f0xx_tim.c:3045:6:TIM_RemapConfig	0	static
