stm32f0xx_rtc.c:2322:16:RTC_ByteToBcd2	0	static
stm32f0xx_rtc.c:2340:16:RTC_Bcd2ToByte	0	static
stm32f0xx_rtc.c:416:6:RTC_StructInit	0	static
stm32f0xx_rtc.c:438:6:RTC_WriteProtectionCmd	0	static
stm32f0xx_rtc.c:465:13:RTC_EnterInitMode	16	static
stm32f0xx_rtc.c:510:6:RTC_ExitInitMode	0	static
stm32f0xx_rtc.c:370:13:RTC_Init	16	static
stm32f0xx_rtc.c:532:13:RTC_WaitForSynchro	16	static
stm32f0xx_rtc.c:309:13:RTC_DeInit	24	static
stm32f0xx_rtc.c:583:13:RTC_RefClockCmd	16	static
stm32f0xx_rtc.c:631:6:RTC_BypassShadowCmd	0	static
stm32f0xx_rtc.c:685:13:RTC_SetTime	32	static
stm32f0xx_rtc.c:789:6:RTC_TimeStructInit	0	static
stm32f0xx_rtc.c:808:6:RTC_GetTime	24	static
stm32f0xx_rtc.c:841:10:RTC_GetSubSecond	0	static
stm32f0xx_rtc.c:866:13:RTC_SetDate	24	static
stm32f0xx_rtc.c:957:6:RTC_DateStructInit	0	static
stm32f0xx_rtc.c:976:6:RTC_GetDate	16	static
stm32f0xx_rtc.c:1036:6:RTC_SetAlarm	40	static
stm32f0xx_rtc.c:1140:6:RTC_AlarmStructInit	0	static
stm32f0xx_rtc.c:1169:6:RTC_GetAlarm	32	static
stm32f0xx_rtc.c:1215:13:RTC_AlarmCmd	16	static
stm32f0xx_rtc.c:1307:6:RTC_AlarmSubSecondConfig	0	static
stm32f0xx_rtc.c:1339:10:RTC_GetAlarmSubSecond	0	static
stm32f0xx_rtc.c:1381:6:RTC_DayLightSavingConfig	8	static
stm32f0xx_rtc.c:1408:10:RTC_GetStoreOperation	0	static
stm32f0xx_rtc.c:1444:6:RTC_OutputConfig	8	static
stm32f0xx_rtc.c:1486:6:RTC_CalibOutputCmd	0	static
stm32f0xx_rtc.c:1518:6:RTC_CalibOutputConfig	0	static
stm32f0xx_rtc.c:1554:13:RTC_SmoothCalibConfig	16	static
stm32f0xx_rtc.c:1630:6:RTC_TimeStampCmd	8	static
stm32f0xx_rtc.c:1674:6:RTC_GetTimeStamp	40	static
stm32f0xx_rtc.c:1718:10:RTC_GetTimeStampSubSecond	0	static
stm32f0xx_rtc.c:1755:6:RTC_TamperTriggerConfig	0	static
stm32f0xx_rtc.c:1783:6:RTC_TamperCmd	0	static
stm32f0xx_rtc.c:1814:6:RTC_TamperFilterConfig	0	static
stm32f0xx_rtc.c:1848:6:RTC_TamperSamplingFreqConfig	0	static
stm32f0xx_rtc.c:1871:6:RTC_TamperPinsPrechargeDuration	0	static
stm32f0xx_rtc.c:1891:6:RTC_TimeStampOnTamperDetectionCmd	0	static
stm32f0xx_rtc.c:1914:6:RTC_TamperPullUpCmd	0	static
stm32f0xx_rtc.c:1955:6:RTC_WriteBackupRegister	8	static
stm32f0xx_rtc.c:1976:10:RTC_ReadBackupRegister	8	static
stm32f0xx_rtc.c:2016:6:RTC_OutputTypeConfig	0	static
stm32f0xx_rtc.c:2054:13:RTC_SynchroShiftConfig	16	static
stm32f0xx_rtc.c:2163:6:RTC_ITConfig	8	static
stm32f0xx_rtc.c:2206:12:RTC_GetFlagStatus	0	static
stm32f0xx_rtc.c:2241:6:RTC_ClearFlag	0	static
stm32f0xx_rtc.c:2260:10:RTC_GetITStatus	12	static
stm32f0xx_rtc.c:2299:6:RTC_ClearITPendingBit	0	static
