stm32f0xx_spi.c:164:6:SPI_I2S_DeInit	8	static
stm32f0xx_spi.c:193:6:SPI_StructInit	0	static
stm32f0xx_spi.c:224:6:SPI_Init	8	static
stm32f0xx_spi.c:294:6:I2S_StructInit	0	static
stm32f0xx_spi.c:329:6:I2S_Init	56	static
stm32f0xx_spi.c:432:6:SPI_Cmd	0	static
stm32f0xx_spi.c:464:6:SPI_TIModeCmd	0	static
stm32f0xx_spi.c:489:6:I2S_Cmd	0	static
stm32f0xx_spi.c:526:6:SPI_DataSizeConfig	0	static
stm32f0xx_spi.c:553:6:SPI_RxFIFOThresholdConfig	0	static
stm32f0xx_spi.c:575:6:SPI_BiDirectionalLineConfig	0	static
stm32f0xx_spi.c:603:6:SPI_NSSInternalSoftwareConfig	0	static
stm32f0xx_spi.c:630:6:SPI_SSOutputCmd	0	static
stm32f0xx_spi.c:659:6:SPI_NSSPulseModeCmd	0	static
stm32f0xx_spi.c:713:6:SPI_SendData8	0	static
stm32f0xx_spi.c:733:6:SPI_I2S_SendData16	0	static
stm32f0xx_spi.c:746:9:SPI_ReceiveData8	0	static
stm32f0xx_spi.c:762:10:SPI_I2S_ReceiveData16	0	static
stm32f0xx_spi.c:843:6:SPI_CRCLengthConfig	0	static
stm32f0xx_spi.c:865:6:SPI_CalculateCRC	0	static
stm32f0xx_spi.c:888:6:SPI_TransmitCRC	0	static
stm32f0xx_spi.c:906:10:SPI_GetCRC	0	static
stm32f0xx_spi.c:932:10:SPI_GetCRCPolynomial	0	static
stm32f0xx_spi.c:970:6:SPI_I2S_DMACmd	0	static
stm32f0xx_spi.c:1007:6:SPI_LastDMATransferCmd	0	static
stm32f0xx_spi.c:1112:6:SPI_I2S_ITConfig	0	static
stm32f0xx_spi.c:1148:10:SPI_GetTransmissionFIFOStatus	0	static
stm32f0xx_spi.c:1163:10:SPI_GetReceptionFIFOStatus	0	static
stm32f0xx_spi.c:1186:12:SPI_I2S_GetFlagStatus	0	static
stm32f0xx_spi.c:1221:6:SPI_I2S_ClearFlag	0	static
stm32f0xx_spi.c:1245:10:SPI_I2S_GetITStatus	12	static
