stm32f0xx_rcc.c:146:6:RCC_DeInit	0	static
stm32f0xx_rcc.c:196:6:RCC_HSEConfig	0	static
stm32f0xx_rcc.c:256:6:RCC_AdjustHSICalibrationValue	0	static
stm32f0xx_rcc.c:290:6:RCC_HSICmd	0	static
stm32f0xx_rcc.c:316:6:RCC_AdjustHSI14CalibrationValue	0	static
stm32f0xx_rcc.c:347:6:RCC_HSI14Cmd	0	static
stm32f0xx_rcc.c:368:6:RCC_HSI14ADCRequestCmd	0	static
stm32f0xx_rcc.c:400:6:RCC_LSEConfig	0	static
stm32f0xx_rcc.c:426:6:RCC_LSEDriveConfig	0	static
stm32f0xx_rcc.c:450:6:RCC_LSICmd	0	static
stm32f0xx_rcc.c:481:6:RCC_PLLConfig	8	static
stm32f0xx_rcc.c:505:6:RCC_PLLCmd	0	static
stm32f0xx_rcc.c:527:6:RCC_PREDIV1Config	0	static
stm32f0xx_rcc.c:554:6:RCC_ClockSecuritySystemCmd	0	static
stm32f0xx_rcc.c:584:6:RCC_MCOConfig	0	static
stm32f0xx_rcc.c:689:6:RCC_SYSCLKConfig	0	static
stm32f0xx_rcc.c:717:9:RCC_GetSYSCLKSource	0	static
stm32f0xx_rcc.c:738:6:RCC_HCLKConfig	0	static
stm32f0xx_rcc.c:769:6:RCC_PCLKConfig	0	static
stm32f0xx_rcc.c:798:6:RCC_ADCCLKConfig	0	static
stm32f0xx_rcc.c:823:6:RCC_CECCLKConfig	0	static
stm32f0xx_rcc.c:843:6:RCC_I2CCLKConfig	0	static
stm32f0xx_rcc.c:865:6:RCC_USARTCLKConfig	0	static
stm32f0xx_rcc.c:912:6:RCC_GetClocksFreq	16	static
stm32f0xx_rcc.c:1084:6:RCC_RTCCLKConfig	0	static
stm32f0xx_rcc.c:1101:6:RCC_RTCCLKCmd	0	static
stm32f0xx_rcc.c:1124:6:RCC_BackupResetCmd	0	static
stm32f0xx_rcc.c:1160:6:RCC_AHBPeriphClockCmd	0	static
stm32f0xx_rcc.c:1196:6:RCC_APB2PeriphClockCmd	0	static
stm32f0xx_rcc.c:1235:6:RCC_APB1PeriphClockCmd	0	static
stm32f0xx_rcc.c:1265:6:RCC_AHBPeriphResetCmd	0	static
stm32f0xx_rcc.c:1298:6:RCC_APB2PeriphResetCmd	0	static
stm32f0xx_rcc.c:1334:6:RCC_APB1PeriphResetCmd	0	static
stm32f0xx_rcc.c:1385:6:RCC_ITConfig	0	static
stm32f0xx_rcc.c:1423:12:RCC_GetFlagStatus	0	static
stm32f0xx_rcc.c:222:13:RCC_WaitForHSEStartUp	16	static
stm32f0xx_rcc.c:1475:6:RCC_ClearFlag	0	static
stm32f0xx_rcc.c:1494:10:RCC_GetITStatus	0	static
stm32f0xx_rcc.c:1527:6:RCC_ClearITPendingBit	0	static
