stm32f0xx_i2c.c:145:6:I2C_DeInit	8	static
stm32f0xx_i2c.c:174:6:I2C_Init	12	static
stm32f0xx_i2c.c:253:6:I2C_StructInit	0	static
stm32f0xx_i2c.c:279:6:I2C_Cmd	0	static
stm32f0xx_i2c.c:303:6:I2C_SoftwareResetCmd	0	static
stm32f0xx_i2c.c:362:6:I2C_StretchClockCmd	0	static
stm32f0xx_i2c.c:387:6:I2C_StopModeCmd	0	static
stm32f0xx_i2c.c:412:6:I2C_DualAddressCmd	0	static
stm32f0xx_i2c.c:446:6:I2C_OwnAddress2Config	8	static
stm32f0xx_i2c.c:476:6:I2C_GeneralCallCmd	0	static
stm32f0xx_i2c.c:501:6:I2C_SlaveByteControlCmd	0	static
stm32f0xx_i2c.c:526:6:I2C_SlaveAddressConfig	0	static
stm32f0xx_i2c.c:555:6:I2C_10BitAddressingModeCmd	0	static
stm32f0xx_i2c.c:620:6:I2C_AutoEndCmd	0	static
stm32f0xx_i2c.c:645:6:I2C_ReloadCmd	0	static
stm32f0xx_i2c.c:669:6:I2C_NumberOfBytesConfig	0	static
stm32f0xx_i2c.c:698:6:I2C_MasterRequestConfig	0	static
stm32f0xx_i2c.c:724:6:I2C_GenerateSTART	0	static
stm32f0xx_i2c.c:749:6:I2C_GenerateSTOP	0	static
stm32f0xx_i2c.c:776:6:I2C_10BitAddressHeaderCmd	0	static
stm32f0xx_i2c.c:801:6:I2C_AcknowledgeConfig	0	static
stm32f0xx_i2c.c:824:9:I2C_GetAddressMatched	0	static
stm32f0xx_i2c.c:838:10:I2C_GetTransferDirection	0	static
stm32f0xx_i2c.c:882:6:I2C_TransferHandling	12	static
stm32f0xx_i2c.c:953:6:I2C_SMBusAlertCmd	0	static
stm32f0xx_i2c.c:978:6:I2C_ClockTimeoutCmd	0	static
stm32f0xx_i2c.c:1003:6:I2C_ExtendedClockTimeoutCmd	0	static
stm32f0xx_i2c.c:1029:6:I2C_IdleClockTimeoutCmd	0	static
stm32f0xx_i2c.c:1054:6:I2C_TimeoutAConfig	0	static
stm32f0xx_i2c.c:1081:6:I2C_TimeoutBConfig	0	static
stm32f0xx_i2c.c:1109:6:I2C_CalculatePEC	0	static
stm32f0xx_i2c.c:1134:6:I2C_PECRequestCmd	0	static
stm32f0xx_i2c.c:1157:9:I2C_GetPEC	0	static
stm32f0xx_i2c.c:1203:10:I2C_ReadRegister	8	static
stm32f0xx_i2c.c:1246:6:I2C_SendData	0	static
stm32f0xx_i2c.c:1260:9:I2C_ReceiveData	0	static
stm32f0xx_i2c.c:1303:6:I2C_DMACmd	0	static
stm32f0xx_i2c.c:336:6:I2C_ITConfig	8	static
stm32f0xx_i2c.c:1423:12:I2C_GetFlagStatus	0	static
stm32f0xx_i2c.c:1467:6:I2C_ClearFlag	0	static
stm32f0xx_i2c.c:1497:10:I2C_GetITStatus	0	static
stm32f0xx_i2c.c:1561:6:I2C_ClearITPendingBit	0	static
